Archive member included to satisfy reference by file (symbol)

app/libapp.a(main.c.obj)      (--whole-archive)
app/libapp.a(io.c.obj)        (--whole-archive)
app/libapp.a(flash_map_extended.c.obj)
                              (--whole-archive)
app/libapp.a(os.c.obj)        (--whole-archive)
app/libapp.a(keys.c.obj)      (--whole-archive)
app/libapp.a(image_validate.c.obj)
                              (--whole-archive)
app/libapp.a(tlv.c.obj)       (--whole-archive)
app/libapp.a(encrypted.c.obj)
                              (--whole-archive)
app/libapp.a(image_rsa.c.obj)
                              (--whole-archive)
app/libapp.a(image_ecdsa.c.obj)
                              (--whole-archive)
app/libapp.a(image_ed25519.c.obj)
                              (--whole-archive)
app/libapp.a(bootutil_misc.c.obj)
                              (--whole-archive)
app/libapp.a(fault_injection_hardening.c.obj)
                              (--whole-archive)
app/libapp.a(loader.c.obj)    (--whole-archive)
app/libapp.a(swap_misc.c.obj)
                              (--whole-archive)
app/libapp.a(swap_scratch.c.obj)
                              (--whole-archive)
app/libapp.a(swap_move.c.obj)
                              (--whole-archive)
app/libapp.a(caps.c.obj)      (--whole-archive)
app/libapp.a(asn1parse.c.obj)
                              (--whole-archive)
app/libapp.a(platform_util.c.obj)
                              (--whole-archive)
app/libapp.a(cc310_glue.c.obj)
                              (--whole-archive)
app/libapp.a(autogen-pubkey.c.obj)
                              (--whole-archive)
app/libapp.a(arm_cleanup.c.obj)
                              (--whole-archive)
app/libapp.a(nrf_cleanup.c.obj)
                              (--whole-archive)
zephyr/libzephyr.a(heap.c.obj)
                              (--whole-archive)
zephyr/libzephyr.a(cbprintf_packaged.c.obj)
                              (--whole-archive)
zephyr/libzephyr.a(printk.c.obj)
                              (--whole-archive)
zephyr/libzephyr.a(sem.c.obj)
                              (--whole-archive)
zephyr/libzephyr.a(thread_entry.c.obj)
                              (--whole-archive)
zephyr/libzephyr.a(cbprintf_nano.c.obj)
                              (--whole-archive)
zephyr/libzephyr.a(cbprintf.c.obj)
                              (--whole-archive)
zephyr/libzephyr.a(assert.c.obj)
                              (--whole-archive)
zephyr/libzephyr.a(dec.c.obj)
                              (--whole-archive)
zephyr/libzephyr.a(hex.c.obj)
                              (--whole-archive)
zephyr/libzephyr.a(rb.c.obj)  (--whole-archive)
zephyr/libzephyr.a(timeutil.c.obj)
                              (--whole-archive)
zephyr/libzephyr.a(bitarray.c.obj)
                              (--whole-archive)
zephyr/libzephyr.a(onoff.c.obj)
                              (--whole-archive)
zephyr/libzephyr.a(notify.c.obj)
                              (--whole-archive)
zephyr/libzephyr.a(configs.c.obj)
                              (--whole-archive)
zephyr/libzephyr.a(log_minimal.c.obj)
                              (--whole-archive)
zephyr/libzephyr.a(mem_attr.c.obj)
                              (--whole-archive)
zephyr/libzephyr.a(flash_map.c.obj)
                              (--whole-archive)
zephyr/libzephyr.a(flash_map_layout.c.obj)
                              (--whole-archive)
zephyr/libzephyr.a(stream_flash.c.obj)
                              (--whole-archive)
zephyr/libzephyr.a(tracing_none.c.obj)
                              (--whole-archive)
zephyr/libzephyr.a(flash_util.c.obj)
                              (--whole-archive)
zephyr/libzephyr.a(banner.c.obj)
                              (--whole-archive)
zephyr/libzephyr.a(flash_map_partition_manager.c.obj)
                              (--whole-archive)
zephyr/libzephyr.a(nrf_cc3xx_platform_abort_zephyr.c.obj)
                              (--whole-archive)
zephyr/libzephyr.a(nrf_cc3xx_platform_no_mutex_zephyr.c.obj)
                              (--whole-archive)
zephyr/arch/common/libarch__common.a(sw_isr_common.c.obj)
                              (--whole-archive)
zephyr/arch/arch/arm/core/libarch__arm__core.a(fatal.c.obj)
                              (--whole-archive)
zephyr/arch/arch/arm/core/libarch__arm__core.a(nmi.c.obj)
                              (--whole-archive)
zephyr/arch/arch/arm/core/libarch__arm__core.a(nmi_on_reset.S.obj)
                              (--whole-archive)
zephyr/arch/arch/arm/core/cortex_m/libarch__arm__core__cortex_m.a(exc_exit.c.obj)
                              (--whole-archive)
zephyr/arch/arch/arm/core/cortex_m/libarch__arm__core__cortex_m.a(fault.c.obj)
                              (--whole-archive)
zephyr/arch/arch/arm/core/cortex_m/libarch__arm__core__cortex_m.a(fault_s.S.obj)
                              (--whole-archive)
zephyr/arch/arch/arm/core/cortex_m/libarch__arm__core__cortex_m.a(fpu.c.obj)
[...]
Memory Configuration

Name             Origin             Length             Attributes
FLASH            0x00000000         0x0000c000         xr
RAM              0x20000000         0x00040000         xw
IDT_LIST         0xffff7fff         0x00008000         xw
*default*        0x00000000         0xffffffff

Linker script and memory map

LOAD zephyr/CMakeFiles/zephyr_final.dir/misc/empty_file.c.obj
LOAD zephyr/CMakeFiles/zephyr_final.dir/isr_tables.c.obj
LOAD zephyr/CMakeFiles/offsets.dir/./arch/arm/core/offsets/offsets.c.obj
LOAD app/libapp.a
LOAD zephyr/libzephyr.a
LOAD zephyr/arch/common/libarch__common.a
LOAD zephyr/arch/arch/arm/core/libarch__arm__core.a
LOAD zephyr/arch/arch/arm/core/cortex_m/libarch__arm__core__cortex_m.a
LOAD zephyr/arch/arch/arm/core/mpu/libarch__arm__core__mpu.a
LOAD zephyr/lib/libc/minimal/liblib__libc__minimal.a
LOAD zephyr/lib/libc/common/liblib__libc__common.a
LOAD zephyr/soc/soc/nrf52840/libsoc__nordic.a
LOAD zephyr/drivers/clock_control/libdrivers__clock_control.a
LOAD zephyr/drivers/flash/libdrivers__flash.a
LOAD zephyr/drivers/gpio/libdrivers__gpio.a
LOAD zephyr/drivers/pinctrl/libdrivers__pinctrl.a
LOAD zephyr/drivers/serial/libdrivers__serial.a
LOAD zephyr/drivers/timer/libdrivers__timer.a
LOAD modules/nrf/lib/fprotect/lib..__nrf__lib__fprotect.a
LOAD modules/nrf/drivers/hw_cc3xx/lib..__nrf__drivers__hw_cc3xx.a
LOAD modules/mcuboot/boot/bootutil/zephyr/libmcuboot_util.a
LOAD modules/hal_nordic/nrfx/libmodules__hal_nordic__nrfx.a
LOAD zephyr/kernel/libkernel.a
LOAD zephyr/arch/common/libisr_tables.a
LOAD /home/apcave/nordic/nrfxlib/crypto/nrf_cc310_platform/lib/cortex-m4/hard-float/no-interrupts/libnrf_cc310_platform_0.9.19.a
LOAD /home/apcave/nordic/nrfxlib/crypto/nrf_cc310_bl/lib/cortex-m4/hard-float/no-interrupts/libnrf_cc310_bl_0.9.12.a
LOAD /home/apcave/stm32-tools/bin/../lib/gcc/arm-none-eabi/12.3.1/../../../../arm-none-eabi/lib/thumb/v7e-m+fp/hard/libc.a
LOAD /home/apcave/stm32-tools/bin/../lib/gcc/arm-none-eabi/12.3.1/thumb/v7e-m+fp/hard/libgcc.a
                0x00000020                        _region_min_align = 0x20

.rel.plt        0x00000000        0x0
 *(SORT_BY_ALIGNMENT(.rel.plt))
                [!provide]                        PROVIDE (__rel_iplt_start = .)
 *(SORT_BY_ALIGNMENT(.rel.iplt))
 .rel.iplt      0x00000000        0x0 zephyr/CMakeFiles/zephyr_final.dir/isr_tables.c.obj
                [!provide]                        PROVIDE (__rel_iplt_end = .)

.rela.plt       0x00000000        0x0
 *(SORT_BY_ALIGNMENT(.rela.plt))
                [!provide]                        PROVIDE (__rela_iplt_start = .)
 *(SORT_BY_ALIGNMENT(.rela.iplt))
                [!provide]                        PROVIDE (__rela_iplt_end = .)

.rel.dyn
 *(SORT_BY_ALIGNMENT(.rel.*))

.rela.dyn
 *(SORT_BY_ALIGNMENT(.rela.*))

/DISCARD/
 *(SORT_BY_ALIGNMENT(.plt))

/DISCARD/
 *(SORT_BY_ALIGNMENT(.iplt))
                0x00000000                        __rom_region_start = 0x0

rom_start       0x00000000      0x100
                0x00000000                        __rom_start_address = .
 FILL mask 0x00
                0x00000000                        . = (. + (0x0 - (. - __rom_start_address)))
                0x00000000                        . = ALIGN (0x4)
                0x00000000                        . = ALIGN (0x80)
                0x00000000                        . = ALIGN (0x100)
                0x00000000                        _vector_start = .
 *(SORT_BY_ALIGNMENT(.exc_vector_table))
 *(SORT_BY_ALIGNMENT(.exc_vector_table.*))
 .exc_vector_table._vector_table_section
                0x00000000       0x40 zephyr/arch/arch/arm/core/cortex_m/libarch__arm__core__cortex_m.a(vector_table.S.obj)
                0x00000000                _vector_table
 *(SORT_BY_ALIGNMENT(.vectors))
                0x00000100                        _vector_end = .
                0x00000040                        . = ALIGN (0x4)
 *(SORT_BY_ALIGNMENT(.gnu.linkonce.irq_vector_table*))
 .gnu.linkonce.irq_vector_table
                0x00000040       0xc0 zephyr/CMakeFiles/zephyr_final.dir/isr_tables.c.obj
                0x00000040                _irq_vector_table
                0x00000100                        _vector_end = .

text            0x00000100     0x7ed4
                0x00000100                        __text_region_start = .
 *(SORT_BY_ALIGNMENT(.text))
 .text          0x00000100       0x30 /home/apcave/stm32-tools/bin/../lib/gcc/arm-none-eabi/12.3.1/thumb/v7e-m+fp/hard/libgcc.a(_aeabi_uldivmod.o)
                0x00000100                __aeabi_uldivmod
 .text          0x00000130      0x2bc /home/apcave/stm32-tools/bin/../lib/gcc/arm-none-eabi/12.3.1/thumb/v7e-m+fp/hard/libgcc.a(_udivmoddi4.o)
                0x00000130                __udivmoddi4
 .text          0x000003ec        0x4 /home/apcave/stm32-tools/bin/../lib/gcc/arm-none-eabi/12.3.1/thumb/v7e-m+fp/hard/libgcc.a(_dvmd_tls.o)
                0x000003ec                __aeabi_ldiv0
                0x000003ec                __aeabi_idiv0
 *(SORT_BY_ALIGNMENT(.text.*))
 .text.main     0x000003f0       0xe0 app/libapp.a(main.c.obj)
                0x000003f0                main
 .text.flash_device_base
                0x000004d0       0x20 app/libapp.a(flash_map_extended.c.obj)
                0x000004d0                flash_device_base
 .text.flash_area_id_from_multi_image_slot
                0x000004f0       0x24 app/libapp.a(flash_map_extended.c.obj)
                0x000004f0                flash_area_id_from_multi_image_slot
 .text.bootutil_img_validate
                0x00000514      0x234 app/libapp.a(image_validate.c.obj)
                0x00000514                bootutil_img_validate
 .text.bootutil_verify_sig
                0x00000748      0x100 app/libapp.a(image_ecdsa.c.obj)
                0x00000748                bootutil_verify_sig
 .text.boot_status_entries
                0x00000848       0x2c app/libapp.a(bootutil_misc.c.obj)
                0x00000848                boot_status_entries
 .text.boot_find_status
                0x00000874       0x48 app/libapp.a(bootutil_misc.c.obj)
                0x00000874                boot_find_status
 .text.bootutil_max_image_size
                0x000008bc       0x2c app/libapp.a(bootutil_misc.c.obj)
                0x000008bc                bootutil_max_image_size
 .text.boot_validate_slot.isra.0
                0x000008e8      0x108 app/libapp.a(loader.c.obj)
 .text.boot_swap_image.isra.0
                0x000009f0       0x88 app/libapp.a(loader.c.obj)
 .text.boot_copy_region
                0x00000a78       0x84 app/libapp.a(loader.c.obj)
                0x00000a78                boot_copy_region
 .text.context_boot_go
                0x00000afc      0x290 app/libapp.a(loader.c.obj)
                0x00000afc                context_boot_go
 .text.boot_go  0x00000d8c       0x20 app/libapp.a(loader.c.obj)
                0x00000d8c                boot_go
 .text.swap_set_copy_done
                0x00000dac       0x2c app/libapp.a(swap_misc.c.obj)
                0x00000dac                swap_set_copy_done
 .text.swap_set_image_ok
                0x00000dd8       0x44 app/libapp.a(swap_misc.c.obj)
                0x00000dd8                swap_set_image_ok
 .text.boot_read_image_header
                0x00000e1c       0xcc app/libapp.a(swap_move.c.obj)
                0x00000e1c                boot_read_image_header
 .text.swap_read_status_bytes
                0x00000ee8       0xc8 app/libapp.a(swap_move.c.obj)
                0x00000ee8                swap_read_status_bytes
 .text.boot_slots_compatible
                0x00000fb0       0x78 app/libapp.a(swap_move.c.obj)
                0x00000fb0                boot_slots_compatible
 .text.swap_status_source
                0x00001028       0xcc app/libapp.a(swap_move.c.obj)
                0x00001028                swap_status_source
 .text.fixup_revert
                0x000010f4       0x98 app/libapp.a(swap_move.c.obj)
                0x000010f4                fixup_revert
 .text.swap_run
                0x0000118c      0x1f0 app/libapp.a(swap_move.c.obj)
                0x0000118c                swap_run
 .text.mbedtls_platform_zeroize
                0x0000137c       0x14 app/libapp.a(platform_util.c.obj)
                0x0000137c                mbedtls_platform_zeroize
 .text.cc310_init
                0x00001390       0x30 app/libapp.a(cc310_glue.c.obj)
                0x00001390                cc310_init
 .text.cc310_ecdsa_verify_secp256r1
                0x000013c0       0x3c app/libapp.a(cc310_glue.c.obj)
                0x000013c0                cc310_ecdsa_verify_secp256r1
 .text.cleanup_arm_nvic
                0x000013fc       0x54 app/libapp.a(arm_cleanup.c.obj)
                0x000013fc                cleanup_arm_nvic
 .text.nrf_cleanup_peripheral
                0x00001450       0xa4 app/libapp.a(nrf_cleanup.c.obj)
                0x00001450                nrf_cleanup_peripheral
 .text.char_out
                0x000014f4        0xc zephyr/libzephyr.a(printk.c.obj)
 .text.vprintk  0x00001500       0x1c zephyr/libzephyr.a(printk.c.obj)
                0x00001500                vprintk
 .text.z_cbvprintf_impl
                0x0000151c      0x438 zephyr/libzephyr.a(cbprintf_nano.c.obj)
                0x0000151c                z_cbvprintf_impl
 .text.process_event
                0x00001954      0x1d8 zephyr/libzephyr.a(onoff.c.obj)
 .text.mem_attr_get_regions
                0x00001b2c        0xc zephyr/libzephyr.a(mem_attr.c.obj)
                0x00001b2c                mem_attr_get_regions
 .text.flash_area_open
                0x00001b38       0x50 zephyr/libzephyr.a(flash_map.c.obj)
                0x00001b38                flash_area_open
 .text.flash_area_get_sectors
                0x00001b88       0x60 zephyr/libzephyr.a(flash_map_layout.c.obj)
                0x00001b88                flash_area_get_sectors
 .text.boot_banner
                0x00001be8       0x24 zephyr/libzephyr.a(banner.c.obj)
                0x00001be8                boot_banner
 .text.nrf_cc3xx_platform_abort_init
                0x00001c0c        0xc zephyr/libzephyr.a(nrf_cc3xx_platform_abort_zephyr.c.obj)
                0x00001c0c                nrf_cc3xx_platform_abort_init
 .text.z_arm_fatal_error
                0x00001c18       0x70 zephyr/arch/arch/arm/core/libarch__arm__core.a(fatal.c.obj)
                0x00001c18                z_arm_fatal_error
 .text.z_SysNmiOnReset
                0x00001c88        0x8 zephyr/arch/arch/arm/core/libarch__arm__core.a(nmi_on_reset.S.obj)
                0x00001c88                z_SysNmiOnReset
 .text.mem_manage_fault
                0x00001c90      0x100 zephyr/arch/arch/arm/core/cortex_m/libarch__arm__core__cortex_m.a(fault.c.obj)
 .text.usage_fault.constprop.0
                0x00001d90       0xa4 zephyr/arch/arch/arm/core/cortex_m/libarch__arm__core__cortex_m.a(fault.c.obj)
 .text.bus_fault.constprop.0
                0x00001e34       0xc8 zephyr/arch/arch/arm/core/cortex_m/libarch__arm__core__cortex_m.a(fault.c.obj)
 .text.z_arm_fault
                0x00001efc      0x1a8 zephyr/arch/arch/arm/core/cortex_m/libarch__arm__core__cortex_m.a(fault.c.obj)
                0x00001efc                z_arm_fault
 .text.z_arm_fault_init
                0x000020a4       0x18 zephyr/arch/arch/arm/core/cortex_m/libarch__arm__core__cortex_m.a(fault.c.obj)
                0x000020a4                z_arm_fault_init
 .text.__fault  0x000020bc       0x14 zephyr/arch/arch/arm/core/cortex_m/libarch__arm__core__cortex_m.a(fault_s.S.obj)
                0x000020bc                z_arm_bus_fault
                0x000020bc                z_arm_usage_fault
                0x000020bc                z_arm_mpu_fault
                0x000020bc                z_arm_exc_spurious
                0x000020bc                z_arm_debug_monitor
                0x000020bc                z_arm_hard_fault
 .text._reset_section
                0x000020d0       0x54 zephyr/arch/arch/arm/core/cortex_m/libarch__arm__core__cortex_m.a(reset.S.obj)
                0x000020d0                z_arm_reset
                0x000020d0                __start
 .text.z_arm_clear_arm_mpu_config
                0x00002124       0x24 zephyr/arch/arch/arm/core/cortex_m/libarch__arm__core__cortex_m.a(scb.c.obj)
                0x00002124                z_arm_clear_arm_mpu_config
 .text.z_arm_init_arch_hw_at_boot
                0x00002148       0x64 zephyr/arch/arch/arm/core/cortex_m/libarch__arm__core__cortex_m.a(scb.c.obj)
                0x00002148                z_arm_init_arch_hw_at_boot
 .text.z_arm_svc
                0x000021ac       0x20 zephyr/arch/arch/arm/core/cortex_m/libarch__arm__core__cortex_m.a(swap_helper.S.obj)
                0x000021ac                z_arm_svc
 .text.arch_irq_enable
                0x000021cc       0x1c zephyr/arch/arch/arm/core/cortex_m/libarch__arm__core__cortex_m.a(irq_manage.c.obj)
                0x000021cc                arch_irq_enable
 .text.arch_irq_disable
                0x000021e8       0x28 zephyr/arch/arch/arm/core/cortex_m/libarch__arm__core__cortex_m.a(irq_manage.c.obj)
                0x000021e8                arch_irq_disable
 .text.arch_irq_is_enabled
                0x00002210       0x1c zephyr/arch/arch/arm/core/cortex_m/libarch__arm__core__cortex_m.a(irq_manage.c.obj)
                0x00002210                arch_irq_is_enabled
 .text.z_arm_irq_priority_set
                0x0000222c       0x30 zephyr/arch/arch/arm/core/cortex_m/libarch__arm__core__cortex_m.a(irq_manage.c.obj)
                0x0000222c                z_arm_irq_priority_set
 .text.z_prep_c
                0x0000225c       0x5c zephyr/arch/arch/arm/core/cortex_m/libarch__arm__core__cortex_m.a(prep_c.c.obj)
                0x0000225c                z_prep_c
 .text.z_check_thread_stack_fail
                0x000022b8       0x2c zephyr/arch/arch/arm/core/cortex_m/libarch__arm__core__cortex_m.a(thread.c.obj)
                0x000022b8                z_check_thread_stack_fail
 .text.z_arm_switch_to_main_no_multithreading
                0x000022e4       0x38 zephyr/arch/arch/arm/core/cortex_m/libarch__arm__core__cortex_m.a(thread.c.obj)
                0x000022e4                z_arm_switch_to_main_no_multithreading
 .text.z_arm_cpu_idle_init
                0x0000231c        0xc zephyr/arch/arch/arm/core/cortex_m/libarch__arm__core__cortex_m.a(cpu_idle.c.obj)
                0x0000231c                z_arm_cpu_idle_init
 .text.z_arm_interrupt_init
                0x00002328       0x18 zephyr/arch/arch/arm/core/cortex_m/libarch__arm__core__cortex_m.a(irq_init.c.obj)
                0x00002328                z_arm_interrupt_init
 .text._isr_wrapper
                0x00002340       0x24 zephyr/arch/arch/arm/core/cortex_m/libarch__arm__core__cortex_m.a(isr_wrapper.c.obj)
                0x00002340                _isr_wrapper
 .text.z_arm_configure_static_mpu_regions
                0x00002364       0x18 zephyr/arch/arch/arm/core/mpu/libarch__arm__core__mpu.a(arm_core_mpu.c.obj)
                0x00002364                z_arm_configure_static_mpu_regions
 .text.region_allocate_and_init
                0x0000237c       0x4c zephyr/arch/arch/arm/core/mpu/libarch__arm__core__mpu.a(arm_mpu.c.obj)
 .text.mpu_configure_regions
                0x000023c8       0x64 zephyr/arch/arch/arm/core/mpu/libarch__arm__core__mpu.a(arm_mpu.c.obj)
 .text.arm_core_mpu_enable
                0x0000242c       0x18 zephyr/arch/arch/arm/core/mpu/libarch__arm__core__mpu.a(arm_mpu.c.obj)
                0x0000242c                arm_core_mpu_enable
 .text.arm_core_mpu_disable
                0x00002444       0x14 zephyr/arch/arch/arm/core/mpu/libarch__arm__core__mpu.a(arm_mpu.c.obj)
                0x00002444                arm_core_mpu_disable
 .text.arm_core_mpu_configure_static_mpu_regions
                0x00002458       0x14 zephyr/arch/arch/arm/core/mpu/libarch__arm__core__mpu.a(arm_mpu.c.obj)
                0x00002458                arm_core_mpu_configure_static_mpu_regions
 .text.z_arm_mpu_init
                0x0000246c      0x17c zephyr/arch/arch/arm/core/mpu/libarch__arm__core__mpu.a(arm_mpu.c.obj)
                0x0000246c                z_arm_mpu_init
 .text.nordicsemi_nrf52_init
                0x000025e8       0x44 zephyr/soc/soc/nrf52840/libsoc__nordic.a(soc.c.obj)
 .text.arch_busy_wait
                0x0000262c       0x14 zephyr/soc/soc/nrf52840/libsoc__nordic.a(soc.c.obj)
                0x0000262c                arch_busy_wait
 .text.onoff_stop
                0x00002640       0x30 zephyr/drivers/clock_control/libdrivers__clock_control.a(clock_control_nrf.c.obj)
 .text.onoff_start
                0x00002670       0x44 zephyr/drivers/clock_control/libdrivers__clock_control.a(clock_control_nrf.c.obj)
 .text.generic_hfclk_stop
                0x000026b4       0x34 zephyr/drivers/clock_control/libdrivers__clock_control.a(clock_control_nrf.c.obj)
 .text.clk_init
                0x000026e8       0x58 zephyr/drivers/clock_control/libdrivers__clock_control.a(clock_control_nrf.c.obj)
 .text.clkstarted_handle.constprop.0
                0x00002740       0x4c zephyr/drivers/clock_control/libdrivers__clock_control.a(clock_control_nrf.c.obj)
 .text.generic_hfclk_start
                0x0000278c       0x7c zephyr/drivers/clock_control/libdrivers__clock_control.a(clock_control_nrf.c.obj)
 .text.clock_event_handler
                0x00002808       0x1c zephyr/drivers/clock_control/libdrivers__clock_control.a(clock_control_nrf.c.obj)
 .text.z_nrf_clock_control_lf_on
                0x00002824       0xf4 zephyr/drivers/clock_control/libdrivers__clock_control.a(clock_control_nrf.c.obj)
                0x00002824                z_nrf_clock_control_lf_on
 .text.qspi_get_zephyr_ret_code
                0x00002918       0x1c zephyr/drivers/flash/libdrivers__flash.a(nrf_qspi_nor.c.obj)
 .text.qspi_nor_pages_layout
                0x00002934       0x10 zephyr/drivers/flash/libdrivers__flash.a(nrf_qspi_nor.c.obj)
 .text.qspi_flash_get_parameters
                0x00002944        0x8 zephyr/drivers/flash/libdrivers__flash.a(nrf_qspi_nor.c.obj)
 .text.qspi_send_cmd.constprop.0
                0x0000294c       0x70 zephyr/drivers/flash/libdrivers__flash.a(nrf_qspi_nor.c.obj)
 .text.nrf_qspi_pins_set.constprop.0
                0x000029bc       0x5c zephyr/drivers/flash/libdrivers__flash.a(nrf_qspi_nor.c.obj)
 .text.qspi_wait_for_completion.isra.0
                0x00002a18       0x44 zephyr/drivers/flash/libdrivers__flash.a(nrf_qspi_nor.c.obj)
 .text.qspi_nor_read
                0x00002a5c      0x13c zephyr/drivers/flash/libdrivers__flash.a(nrf_qspi_nor.c.obj)
 .text.qspi_nor_write
                0x00002b98      0x108 zephyr/drivers/flash/libdrivers__flash.a(nrf_qspi_nor.c.obj)
 .text.qspi_nor_erase
                0x00002ca0      0x124 zephyr/drivers/flash/libdrivers__flash.a(nrf_qspi_nor.c.obj)
 .text.qspi_nor_init
                0x00002dc4      0x218 zephyr/drivers/flash/libdrivers__flash.a(nrf_qspi_nor.c.obj)
 .text.flash_nrf_pages_layout
                0x00002fdc       0x10 zephyr/drivers/flash/libdrivers__flash.a(soc_flash_nrf.c.obj)
 .text.flash_nrf_get_parameters
                0x00002fec        0x8 zephyr/drivers/flash/libdrivers__flash.a(soc_flash_nrf.c.obj)
 .text.nrf_flash_init
                0x00002ff4       0x18 zephyr/drivers/flash/libdrivers__flash.a(soc_flash_nrf.c.obj)
 .text.flash_nrf_read
                0x0000300c       0x38 zephyr/drivers/flash/libdrivers__flash.a(soc_flash_nrf.c.obj)
 .text.restore_pofwarn.part.0
                0x00003044       0x2c zephyr/drivers/flash/libdrivers__flash.a(soc_flash_nrf.c.obj)
 .text.suspend_pofwarn
                0x00003070       0x58 zephyr/drivers/flash/libdrivers__flash.a(soc_flash_nrf.c.obj)
 .text.flash_nrf_erase
                0x000030c8       0x8c zephyr/drivers/flash/libdrivers__flash.a(soc_flash_nrf.c.obj)
 .text.flash_nrf_write
                0x00003154       0x94 zephyr/drivers/flash/libdrivers__flash.a(soc_flash_nrf.c.obj)
 .text.gpio_nrfx_pin_interrupt_configure
                0x000031e8      0x100 zephyr/drivers/gpio/libdrivers__gpio.a(gpio_nrfx.c.obj)
 .text.gpio_nrfx_init
                0x000032e8       0x48 zephyr/drivers/gpio/libdrivers__gpio.a(gpio_nrfx.c.obj)
 .text.nrfx_gpio_handler
                0x00003330       0x4c zephyr/drivers/gpio/libdrivers__gpio.a(gpio_nrfx.c.obj)
 .text.gpio_nrfx_pin_configure
                0x0000337c      0x18c zephyr/drivers/gpio/libdrivers__gpio.a(gpio_nrfx.c.obj)
 .text.nrf_gpio_pin_port_decode
                0x00003508       0x20 zephyr/drivers/pinctrl/libdrivers__pinctrl.a(pinctrl_nrf.c.obj)
 .text.pinctrl_configure_pins
                0x00003528      0x198 zephyr/drivers/pinctrl/libdrivers__pinctrl.a(pinctrl_nrf.c.obj)
                0x00003528                pinctrl_configure_pins
 .text.uarte_nrfx_poll_out
                0x000036c0       0xac zephyr/drivers/serial/libdrivers__serial.a(uart_nrfx_uarte.c.obj)
 .text.uarte_0_init
                0x0000376c      0x100 zephyr/drivers/serial/libdrivers__serial.a(uart_nrfx_uarte.c.obj)
 .text.compare_int_lock
                0x0000386c       0x48 zephyr/drivers/timer/libdrivers__timer.a(nrf_rtc_timer.c.obj)
 .text.sys_clock_timeout_handler
                0x000038b4       0x48 zephyr/drivers/timer/libdrivers__timer.a(nrf_rtc_timer.c.obj)
 .text.compare_int_unlock
                0x000038fc       0x5c zephyr/drivers/timer/libdrivers__timer.a(nrf_rtc_timer.c.obj)
 .text.z_nrf_rtc_timer_read
                0x00003958       0x44 zephyr/drivers/timer/libdrivers__timer.a(nrf_rtc_timer.c.obj)
                0x00003958                z_nrf_rtc_timer_read
 .text.compare_set
                0x0000399c      0x130 zephyr/drivers/timer/libdrivers__timer.a(nrf_rtc_timer.c.obj)
 .text.sys_clock_driver_init
                0x00003acc       0x90 zephyr/drivers/timer/libdrivers__timer.a(nrf_rtc_timer.c.obj)
 .text.rtc_nrf_isr
                0x00003b5c       0xcc zephyr/drivers/timer/libdrivers__timer.a(nrf_rtc_timer.c.obj)
                0x00003b5c                rtc_nrf_isr
 .text.sys_clock_set_timeout
                0x00003c28       0x5c zephyr/drivers/timer/libdrivers__timer.a(nrf_rtc_timer.c.obj)
                0x00003c28                sys_clock_set_timeout
 .text.sys_clock_elapsed
                0x00003c84       0x14 zephyr/drivers/timer/libdrivers__timer.a(nrf_rtc_timer.c.obj)
                0x00003c84                sys_clock_elapsed
 .text.sys_clock_disable
                0x00003c98       0x30 zephyr/drivers/timer/libdrivers__timer.a(nrf_rtc_timer.c.obj)
                0x00003c98                sys_clock_disable
 .text.find_free_region
                0x00003cc8       0x3c modules/nrf/lib/fprotect/lib..__nrf__lib__fprotect.a(fprotect_acl.c.obj)
 .text.boot_write_magic
                0x00003d04       0x40 modules/mcuboot/boot/bootutil/zephyr/libmcuboot_util.a(bootutil_public.c.obj)
                0x00003d04                boot_write_magic
 .text.boot_read_swap_state
                0x00003d44       0xac modules/mcuboot/boot/bootutil/zephyr/libmcuboot_util.a(bootutil_public.c.obj)
                0x00003d44                boot_read_swap_state
 .text.boot_swap_type_multi
                0x00003df0      0x100 modules/mcuboot/boot/bootutil/zephyr/libmcuboot_util.a(bootutil_public.c.obj)
                0x00003df0                boot_swap_type_multi
 .text.nrf52_errata_98
                0x00003ef0       0x24 modules/hal_nordic/nrfx/libmodules__hal_nordic__nrfx.a(system_nrf52840.c.obj)
 .text.nvmc_wait
                0x00003f14       0x10 modules/hal_nordic/nrfx/libmodules__hal_nordic__nrfx.a(system_nrf52840.c.obj)
                0x00003f14                nvmc_wait
 .text.SystemInit
                0x00003f24      0x1d8 modules/hal_nordic/nrfx/libmodules__hal_nordic__nrfx.a(system_nrf52840.c.obj)
                0x00003f24                SystemInit
 .text.nrfx_flag32_alloc
                0x000040fc       0x48 modules/hal_nordic/nrfx/libmodules__hal_nordic__nrfx.a(nrfx_flag32_allocator.c.obj)
                0x000040fc                nrfx_flag32_alloc
 .text.nrfx_flag32_free
                0x00004144       0x40 modules/hal_nordic/nrfx/libmodules__hal_nordic__nrfx.a(nrfx_flag32_allocator.c.obj)
                0x00004144                nrfx_flag32_free
 .text.nrfx_gppi_channels_enable
                0x00004184        0xc modules/hal_nordic/nrfx/libmodules__hal_nordic__nrfx.a(nrfx_gppi_ppi.c.obj)
                0x00004184                nrfx_gppi_channels_enable
 .text.clock_stop
                0x00004190       0xa8 modules/hal_nordic/nrfx/libmodules__hal_nordic__nrfx.a(nrfx_clock.c.obj)
 .text.nrfx_clock_init
                0x00004238       0x20 modules/hal_nordic/nrfx/libmodules__hal_nordic__nrfx.a(nrfx_clock.c.obj)
                0x00004238                nrfx_clock_init
 .text.nrfx_clock_enable
                0x00004258       0x24 modules/hal_nordic/nrfx/libmodules__hal_nordic__nrfx.a(nrfx_clock.c.obj)
                0x00004258                nrfx_clock_enable
 .text.nrfx_clock_start
                0x0000427c       0xa8 modules/hal_nordic/nrfx/libmodules__hal_nordic__nrfx.a(nrfx_clock.c.obj)
                0x0000427c                nrfx_clock_start
 .text.nrfx_power_clock_irq_handler
                0x00004324       0x68 modules/hal_nordic/nrfx/libmodules__hal_nordic__nrfx.a(nrfx_clock.c.obj)
                0x00004324                nrfx_power_clock_irq_handler
 .text.nrf_gpio_pin_port_decode
                0x0000438c       0x20 modules/hal_nordic/nrfx/libmodules__hal_nordic__nrfx.a(nrfx_gpiote.c.obj)
 .text.get_pin_idx
                0x000043ac       0x14 modules/hal_nordic/nrfx/libmodules__hal_nordic__nrfx.a(nrfx_gpiote.c.obj)
 .text.call_handler.constprop.0
                0x000043c0       0x40 modules/hal_nordic/nrfx/libmodules__hal_nordic__nrfx.a(nrfx_gpiote.c.obj)
 .text.pin_te_get.constprop.0
                0x00004400       0x18 modules/hal_nordic/nrfx/libmodules__hal_nordic__nrfx.a(nrfx_gpiote.c.obj)
 .text.pin_is_output.constprop.0
                0x00004418       0x18 modules/hal_nordic/nrfx/libmodules__hal_nordic__nrfx.a(nrfx_gpiote.c.obj)
 .text.pin_in_use_by_te.constprop.0
                0x00004430       0x18 modules/hal_nordic/nrfx/libmodules__hal_nordic__nrfx.a(nrfx_gpiote.c.obj)
 .text.latch_pending_read_and_check
                0x00004448       0x40 modules/hal_nordic/nrfx/libmodules__hal_nordic__nrfx.a(nrfx_gpiote.c.obj)
 .text.release_handler.isra.0
                0x00004488       0x58 modules/hal_nordic/nrfx/libmodules__hal_nordic__nrfx.a(nrfx_gpiote.c.obj)
 .text.__nrfy_internal_gpiote_events_process.constprop.0
                0x000044e0       0x5c modules/hal_nordic/nrfx/libmodules__hal_nordic__nrfx.a(nrfx_gpiote.c.obj)
 .text.pin_uninit
                0x0000453c       0x80 modules/hal_nordic/nrfx/libmodules__hal_nordic__nrfx.a(nrfx_gpiote.c.obj)
 .text.nrfx_gpiote_input_configure
                0x000045bc      0x174 modules/hal_nordic/nrfx/libmodules__hal_nordic__nrfx.a(nrfx_gpiote.c.obj)
                0x000045bc                nrfx_gpiote_input_configure
 .text.nrfx_gpiote_output_configure
                0x00004730       0xfc modules/hal_nordic/nrfx/libmodules__hal_nordic__nrfx.a(nrfx_gpiote.c.obj)
                0x00004730                nrfx_gpiote_output_configure
 .text.nrfx_gpiote_global_callback_set
                0x0000482c        0xc modules/hal_nordic/nrfx/libmodules__hal_nordic__nrfx.a(nrfx_gpiote.c.obj)
                0x0000482c                nrfx_gpiote_global_callback_set
 .text.nrfx_gpiote_channel_get
                0x00004838       0x34 modules/hal_nordic/nrfx/libmodules__hal_nordic__nrfx.a(nrfx_gpiote.c.obj)
                0x00004838                nrfx_gpiote_channel_get
 .text.nrfx_gpiote_init
                0x0000486c       0x68 modules/hal_nordic/nrfx/libmodules__hal_nordic__nrfx.a(nrfx_gpiote.c.obj)
                0x0000486c                nrfx_gpiote_init
 .text.nrfx_gpiote_init_check
                0x000048d4       0x14 modules/hal_nordic/nrfx/libmodules__hal_nordic__nrfx.a(nrfx_gpiote.c.obj)
                0x000048d4                nrfx_gpiote_init_check
 .text.nrfx_gpiote_channel_free
                0x000048e8        0xc modules/hal_nordic/nrfx/libmodules__hal_nordic__nrfx.a(nrfx_gpiote.c.obj)
                0x000048e8                nrfx_gpiote_channel_free
 .text.nrfx_gpiote_channel_alloc
                0x000048f4        0xc modules/hal_nordic/nrfx/libmodules__hal_nordic__nrfx.a(nrfx_gpiote.c.obj)
                0x000048f4                nrfx_gpiote_channel_alloc
 .text.nrfx_gpiote_trigger_enable
                0x00004900       0xb0 modules/hal_nordic/nrfx/libmodules__hal_nordic__nrfx.a(nrfx_gpiote.c.obj)
                0x00004900                nrfx_gpiote_trigger_enable
 .text.nrfx_gpiote_0_irq_handler
                0x000049b0      0x1b4 modules/hal_nordic/nrfx/libmodules__hal_nordic__nrfx.a(nrfx_gpiote.c.obj)
                0x000049b0                nrfx_gpiote_0_irq_handler
 .text.nvmc_word_write
                0x00004b64       0x18 modules/hal_nordic/nrfx/libmodules__hal_nordic__nrfx.a(nrfx_nvmc.c.obj)
 .text.nrfx_nvmc_page_erase
                0x00004b7c       0x40 modules/hal_nordic/nrfx/libmodules__hal_nordic__nrfx.a(nrfx_nvmc.c.obj)
                0x00004b7c                nrfx_nvmc_page_erase
 .text.nrfx_nvmc_word_write
                0x00004bbc       0x1c modules/hal_nordic/nrfx/libmodules__hal_nordic__nrfx.a(nrfx_nvmc.c.obj)
                0x00004bbc                nrfx_nvmc_word_write
 .text.nrfx_ppi_channel_alloc
                0x00004bd8        0xc modules/hal_nordic/nrfx/libmodules__hal_nordic__nrfx.a(nrfx_ppi.c.obj)
                0x00004bd8                nrfx_ppi_channel_alloc
 .text.qspi_ready_wait
                0x00004be4       0x54 modules/hal_nordic/nrfx/libmodules__hal_nordic__nrfx.a(nrfx_qspi.c.obj)
 .text.qspi_activate
                0x00004c38       0x34 modules/hal_nordic/nrfx/libmodules__hal_nordic__nrfx.a(nrfx_qspi.c.obj)
 .text.qspi_xfer
                0x00004c6c       0xe8 modules/hal_nordic/nrfx/libmodules__hal_nordic__nrfx.a(nrfx_qspi.c.obj)
 .text.qspi_event_xfer_handle.constprop.0
                0x00004d54       0x28 modules/hal_nordic/nrfx/libmodules__hal_nordic__nrfx.a(nrfx_qspi.c.obj)
 .text.nrf_gpio_cfg.constprop.0
                0x00004d7c       0x44 modules/hal_nordic/nrfx/libmodules__hal_nordic__nrfx.a(nrfx_qspi.c.obj)
 .text.nrf_qspi_cinstrdata_get.constprop.0
                0x00004dc0       0x40 modules/hal_nordic/nrfx/libmodules__hal_nordic__nrfx.a(nrfx_qspi.c.obj)
 .text.nrf_qspi_cinstrdata_set.constprop.0
                0x00004e00       0x64 modules/hal_nordic/nrfx/libmodules__hal_nordic__nrfx.a(nrfx_qspi.c.obj)
 .text.nrf_qspi_pins_set.constprop.0
                0x00004e64       0x5c modules/hal_nordic/nrfx/libmodules__hal_nordic__nrfx.a(nrfx_qspi.c.obj)
 .text.qspi_deactivate
                0x00004ec0       0x34 modules/hal_nordic/nrfx/libmodules__hal_nordic__nrfx.a(nrfx_qspi.c.obj)
 .text.qspi_workaround_215_43_apply
                0x00004ef4       0x70 modules/hal_nordic/nrfx/libmodules__hal_nordic__nrfx.a(nrfx_qspi.c.obj)
 .text.qspi_configure
                0x00004f64       0xec modules/hal_nordic/nrfx/libmodules__hal_nordic__nrfx.a(nrfx_qspi.c.obj)
 .text.nrfx_qspi_init
                0x00005050       0x40 modules/hal_nordic/nrfx/libmodules__hal_nordic__nrfx.a(nrfx_qspi.c.obj)
                0x00005050                nrfx_qspi_init
 .text.nrfx_qspi_cinstr_xfer
                0x00005090       0xac modules/hal_nordic/nrfx/libmodules__hal_nordic__nrfx.a(nrfx_qspi.c.obj)
                0x00005090                nrfx_qspi_cinstr_xfer
 .text.nrfx_qspi_activate
                0x0000513c       0x18 modules/hal_nordic/nrfx/libmodules__hal_nordic__nrfx.a(nrfx_qspi.c.obj)
                0x0000513c                nrfx_qspi_activate
 .text.nrfx_qspi_deactivate
                0x00005154       0x24 modules/hal_nordic/nrfx/libmodules__hal_nordic__nrfx.a(nrfx_qspi.c.obj)
                0x00005154                nrfx_qspi_deactivate
 .text.nrfx_qspi_init_check
                0x00005178       0x14 modules/hal_nordic/nrfx/libmodules__hal_nordic__nrfx.a(nrfx_qspi.c.obj)
                0x00005178                nrfx_qspi_init_check
 .text.nrfx_qspi_erase
                0x0000518c       0x94 modules/hal_nordic/nrfx/libmodules__hal_nordic__nrfx.a(nrfx_qspi.c.obj)
                0x0000518c                nrfx_qspi_erase
 .text.nrfx_qspi_irq_handler
                0x00005220       0x94 modules/hal_nordic/nrfx/libmodules__hal_nordic__nrfx.a(nrfx_qspi.c.obj)
                0x00005220                nrfx_qspi_irq_handler
 .text.k_sys_fatal_error_handler
                0x000052b4       0x18 zephyr/kernel/libkernel.a(fatal.c.obj)
                0x000052b4                k_sys_fatal_error_handler
 .text.z_fatal_error
                0x000052cc       0x6c zephyr/kernel/libkernel.a(fatal.c.obj)
                0x000052cc                z_fatal_error
 .text.z_sys_init_run_level
                0x00005338       0x2c zephyr/kernel/libkernel.a(init.c.obj)
 .text.bg_thread_main
                0x00005364       0x34 zephyr/kernel/libkernel.a(init.c.obj)
 .text.z_bss_zero
                0x00005398       0x18 zephyr/kernel/libkernel.a(init.c.obj)
                0x00005398                z_bss_zero
 .text.z_cstart
                0x000053b0       0x78 zephyr/kernel/libkernel.a(init.c.obj)
                0x000053b0                z_cstart
 .text.z_data_copy
                0x00005428       0x34 zephyr/kernel/libkernel.a(xip.c.obj)
                0x00005428                z_data_copy
 .text.elapsed  0x0000545c       0x14 zephyr/kernel/libkernel.a(timeout.c.obj)
 .text.remove_timeout
                0x00005470       0x38 zephyr/kernel/libkernel.a(timeout.c.obj)
 .text.next_timeout
                0x000054a8       0x3c zephyr/kernel/libkernel.a(timeout.c.obj)
 .text.sys_clock_announce
                0x000054e4       0xc0 zephyr/kernel/libkernel.a(timeout.c.obj)
                0x000054e4                sys_clock_announce
 .text.nrf_cc3xx_platform_init_no_rng
                0x000055a4       0x38 /home/apcave/nordic/nrfxlib/crypto/nrf_cc310_platform/lib/cortex-m4/hard-float/no-interrupts/libnrf_cc310_platform_0.9.19.a(nrf_cc3xx_platform.c.obj)
                0x000055a4                nrf_cc3xx_platform_init_no_rng
 .text.nrf_cc3xx_platform_abort
                0x000055dc       0x24 /home/apcave/nordic/nrfxlib/crypto/nrf_cc310_platform/lib/cortex-m4/hard-float/no-interrupts/libnrf_cc310_platform_0.9.19.a(nrf_cc3xx_platform_abort.c.obj)
 .text.CC_PalAbort
                0x00005600       0x38 /home/apcave/nordic/nrfxlib/crypto/nrf_cc310_platform/lib/cortex-m4/hard-float/no-interrupts/libnrf_cc310_platform_0.9.19.a(nrf_cc3xx_platform_abort.c.obj)
                0x00005600                CC_PalAbort
 .text.nrf_cc3xx_platform_set_abort
                0x00005638       0x10 /home/apcave/nordic/nrfxlib/crypto/nrf_cc310_platform/lib/cortex-m4/hard-float/no-interrupts/libnrf_cc310_platform_0.9.19.a(nrf_cc3xx_platform_abort.c.obj)
                0x00005638                nrf_cc3xx_platform_set_abort
 .text.CC_LibInitNoRng
                0x00005648       0x64 /home/apcave/nordic/nrfxlib/crypto/nrf_cc310_platform/lib/cortex-m4/hard-float/no-interrupts/libnrf_cc310_platform_0.9.19.a(cc_lib.c.obj)
                0x00005648                CC_LibInitNoRng
 .text.CC_HalInit
                0x000056ac        0x4 /home/apcave/nordic/nrfxlib/crypto/nrf_cc310_platform/lib/cortex-m4/hard-float/no-interrupts/libnrf_cc310_platform_0.9.19.a(cc_hal.c.obj)
                0x000056ac                CC_HalInit
 .text.CC_HalTerminate
                0x000056b0        0x4 /home/apcave/nordic/nrfxlib/crypto/nrf_cc310_platform/lib/cortex-m4/hard-float/no-interrupts/libnrf_cc310_platform_0.9.19.a(cc_hal.c.obj)
                0x000056b0                CC_HalTerminate
 .text.CC_HalMaskInterrupt
                0x000056b4        0xc /home/apcave/nordic/nrfxlib/crypto/nrf_cc310_platform/lib/cortex-m4/hard-float/no-interrupts/libnrf_cc310_platform_0.9.19.a(cc_hal.c.obj)
                0x000056b4                CC_HalMaskInterrupt
 .text.CC_PalInit
                0x000056c0       0x5c /home/apcave/nordic/nrfxlib/crypto/nrf_cc310_platform/lib/cortex-m4/hard-float/no-interrupts/libnrf_cc310_platform_0.9.19.a(cc_pal.c.obj)
                0x000056c0                CC_PalInit
 .text.CC_PalTerminate
                0x0000571c       0x34 /home/apcave/nordic/nrfxlib/crypto/nrf_cc310_platform/lib/cortex-m4/hard-float/no-interrupts/libnrf_cc310_platform_0.9.19.a(cc_pal.c.obj)
                0x0000571c                CC_PalTerminate
 .text.CC_PalDmaInit
                0x00005750        0x4 /home/apcave/nordic/nrfxlib/crypto/nrf_cc310_platform/lib/cortex-m4/hard-float/no-interrupts/libnrf_cc310_platform_0.9.19.a(cc_pal_dma.c.obj)
                0x00005750                CC_PalDmaInit
 .text.CC_PalDmaTerminate
                0x00005754        0x4 /home/apcave/nordic/nrfxlib/crypto/nrf_cc310_platform/lib/cortex-m4/hard-float/no-interrupts/libnrf_cc310_platform_0.9.19.a(cc_pal_dma.c.obj)
                0x00005754                CC_PalDmaTerminate
 .text.CC_PalMutexCreate
                0x00005758       0x14 /home/apcave/nordic/nrfxlib/crypto/nrf_cc310_platform/lib/cortex-m4/hard-float/no-interrupts/libnrf_cc310_platform_0.9.19.a(cc_pal_mutex.c.obj)
                0x00005758                CC_PalMutexCreate
 .text.CC_PalMutexDestroy
                0x0000576c       0x14 /home/apcave/nordic/nrfxlib/crypto/nrf_cc310_platform/lib/cortex-m4/hard-float/no-interrupts/libnrf_cc310_platform_0.9.19.a(cc_pal_mutex.c.obj)
                0x0000576c                CC_PalMutexDestroy
 .text.CC_PalPowerSaveModeInit
                0x00005780       0x3c /home/apcave/nordic/nrfxlib/crypto/nrf_cc310_platform/lib/cortex-m4/hard-float/no-interrupts/libnrf_cc310_platform_0.9.19.a(cc_pal_pm.c.obj)
                0x00005780                CC_PalPowerSaveModeInit
 .text.CC_PalPowerSaveModeSelect
                0x000057bc       0x84 /home/apcave/nordic/nrfxlib/crypto/nrf_cc310_platform/lib/cortex-m4/hard-float/no-interrupts/libnrf_cc310_platform_0.9.19.a(cc_pal_pm.c.obj)
                0x000057bc                CC_PalPowerSaveModeSelect
 .text.mutex_free
                0x00005840       0x34 /home/apcave/nordic/nrfxlib/crypto/nrf_cc310_platform/lib/cortex-m4/hard-float/no-interrupts/libnrf_cc310_platform_0.9.19.a(nrf_cc3xx_platform_mutex.c.obj)
 .text.mutex_lock
                0x00005874       0x48 /home/apcave/nordic/nrfxlib/crypto/nrf_cc310_platform/lib/cortex-m4/hard-float/no-interrupts/libnrf_cc310_platform_0.9.19.a(nrf_cc3xx_platform_mutex.c.obj)
 .text.mutex_unlock
                0x000058bc       0x38 /home/apcave/nordic/nrfxlib/crypto/nrf_cc310_platform/lib/cortex-m4/hard-float/no-interrupts/libnrf_cc310_platform_0.9.19.a(nrf_cc3xx_platform_mutex.c.obj)
 .text.mutex_init
                0x000058f4       0x20 /home/apcave/nordic/nrfxlib/crypto/nrf_cc310_platform/lib/cortex-m4/hard-float/no-interrupts/libnrf_cc310_platform_0.9.19.a(nrf_cc3xx_platform_mutex.c.obj)
 .text.verify_context_ecdsa_verify_secp256r1
                0x00005914       0x20 /home/apcave/nordic/nrfxlib/crypto/nrf_cc310_bl/lib/cortex-m4/hard-float/no-interrupts/libnrf_cc310_bl_0.9.12.a(nrf_cc310_bl_ecdsa_verify_secp256r1.c.obj)
 .text.nrf_cc310_bl_ecdsa_verify_init_secp256r1
                0x00005934       0x4c /home/apcave/nordic/nrfxlib/crypto/nrf_cc310_bl/lib/cortex-m4/hard-float/no-interrupts/libnrf_cc310_bl_0.9.12.a(nrf_cc310_bl_ecdsa_verify_secp256r1.c.obj)
                0x00005934                nrf_cc310_bl_ecdsa_verify_init_secp256r1
 .text.nrf_cc310_bl_ecdsa_verify_hash_secp256r1
                0x00005980      0x168 /home/apcave/nordic/nrfxlib/crypto/nrf_cc310_bl/lib/cortex-m4/hard-float/no-interrupts/libnrf_cc310_bl_0.9.12.a(nrf_cc310_bl_ecdsa_verify_secp256r1.c.obj)
                0x00005980                nrf_cc310_bl_ecdsa_verify_hash_secp256r1
 .text.set_digest_in_hw_sha256
                0x00005ae8       0x38 /home/apcave/nordic/nrfxlib/crypto/nrf_cc310_bl/lib/cortex-m4/hard-float/no-interrupts/libnrf_cc310_bl_0.9.12.a(nrf_cc310_bl_hash_sha256.c.obj)
 .text.read_digest_in_hw_sha256
                0x00005b20       0x54 /home/apcave/nordic/nrfxlib/crypto/nrf_cc310_bl/lib/cortex-m4/hard-float/no-interrupts/libnrf_cc310_bl_0.9.12.a(nrf_cc310_bl_hash_sha256.c.obj)
 .text.verify_context_hash_sha256
                0x00005b74       0x20 /home/apcave/nordic/nrfxlib/crypto/nrf_cc310_bl/lib/cortex-m4/hard-float/no-interrupts/libnrf_cc310_bl_0.9.12.a(nrf_cc310_bl_hash_sha256.c.obj)
 .text.nrf_cc310_bl_hash_sha256_init
                0x00005b94       0x34 /home/apcave/nordic/nrfxlib/crypto/nrf_cc310_bl/lib/cortex-m4/hard-float/no-interrupts/libnrf_cc310_bl_0.9.12.a(nrf_cc310_bl_hash_sha256.c.obj)
                0x00005b94                nrf_cc310_bl_hash_sha256_init
 .text.nrf_cc310_bl_hash_sha256_update
                0x00005bc8       0xb0 /home/apcave/nordic/nrfxlib/crypto/nrf_cc310_bl/lib/cortex-m4/hard-float/no-interrupts/libnrf_cc310_bl_0.9.12.a(nrf_cc310_bl_hash_sha256.c.obj)
                0x00005bc8                nrf_cc310_bl_hash_sha256_update
 .text.nrf_cc310_bl_hash_sha256_finalize
                0x00005c78       0x60 /home/apcave/nordic/nrfxlib/crypto/nrf_cc310_bl/lib/cortex-m4/hard-float/no-interrupts/libnrf_cc310_bl_0.9.12.a(nrf_cc310_bl_hash_sha256.c.obj)
                0x00005c78                nrf_cc310_bl_hash_sha256_finalize
 .text.nrf_cc310_bl_init
                0x00005cd8       0x34 /home/apcave/nordic/nrfxlib/crypto/nrf_cc310_bl/lib/cortex-m4/hard-float/no-interrupts/libnrf_cc310_bl_0.9.12.a(nrf_cc310_bl_init.c.obj)
                0x00005cd8                nrf_cc310_bl_init
 .text.PkaSetRegsMapTab
                0x00005d0c       0x48 /home/apcave/nordic/nrfxlib/crypto/nrf_cc310_bl/lib/cortex-m4/hard-float/no-interrupts/libnrf_cc310_bl_0.9.12.a(pka.c.obj)
                0x00005d0c                PkaSetRegsMapTab
 .text.PkaGetRegEffectiveSizeInBits
                0x00005d54       0x8c /home/apcave/nordic/nrfxlib/crypto/nrf_cc310_bl/lib/cortex-m4/hard-float/no-interrupts/libnrf_cc310_bl_0.9.12.a(pka.c.obj)
                0x00005d54                PkaGetRegEffectiveSizeInBits
 .text.PkaGetNextMsBit
                0x00005de0       0x74 /home/apcave/nordic/nrfxlib/crypto/nrf_cc310_bl/lib/cortex-m4/hard-float/no-interrupts/libnrf_cc310_bl_0.9.12.a(pka.c.obj)
                0x00005de0                PkaGetNextMsBit
 .text.PkaSetRegsSizesTab
                0x00005e54       0x3c /home/apcave/nordic/nrfxlib/crypto/nrf_cc310_bl/lib/cortex-m4/hard-float/no-interrupts/libnrf_cc310_bl_0.9.12.a(pka.c.obj)
                0x00005e54                PkaSetRegsSizesTab
 .text.PkaInitPka
                0x00005e90       0x74 /home/apcave/nordic/nrfxlib/crypto/nrf_cc310_bl/lib/cortex-m4/hard-float/no-interrupts/libnrf_cc310_bl_0.9.12.a(pka.c.obj)
                0x00005e90                PkaInitPka
 .text.PkaClearBlockOfRegs
                0x00005f04      0x130 /home/apcave/nordic/nrfxlib/crypto/nrf_cc310_bl/lib/cortex-m4/hard-float/no-interrupts/libnrf_cc310_bl_0.9.12.a(pka.c.obj)
                0x00005f04                PkaClearBlockOfRegs
 .text.PkaFinishAndMutexUnlock
                0x00006034       0x24 /home/apcave/nordic/nrfxlib/crypto/nrf_cc310_bl/lib/cortex-m4/hard-float/no-interrupts/libnrf_cc310_bl_0.9.12.a(pka.c.obj)
                0x00006034                PkaFinishAndMutexUnlock
 .text.PkaCopyDataIntoPkaReg
                0x00006058       0xb8 /home/apcave/nordic/nrfxlib/crypto/nrf_cc310_bl/lib/cortex-m4/hard-float/no-interrupts/libnrf_cc310_bl_0.9.12.a(pka.c.obj)
                0x00006058                PkaCopyDataIntoPkaReg
 .text.PkaEcdsaVerify
                0x00006110      0x284 /home/apcave/nordic/nrfxlib/crypto/nrf_cc310_bl/lib/cortex-m4/hard-float/no-interrupts/libnrf_cc310_bl_0.9.12.a(pka_ec_wrst_dsa_verify.c.obj)
                0x00006110                PkaEcdsaVerify
 .text.nrf_cc310_bl_hash_update_internal
                0x00006394       0xf0 /home/apcave/nordic/nrfxlib/crypto/nrf_cc310_bl/lib/cortex-m4/hard-float/no-interrupts/libnrf_cc310_bl_0.9.12.a(nrf_cc310_bl_hash.c.obj)
                0x00006394                nrf_cc310_bl_hash_update_internal
 .text.PkaDoubleMdf2Mdf
                0x00006484      0x1ac /home/apcave/nordic/nrfxlib/crypto/nrf_cc310_bl/lib/cortex-m4/hard-float/no-interrupts/libnrf_cc310_bl_0.9.12.a(pka_ec_wrst.c.obj)
                0x00006484                PkaDoubleMdf2Mdf
 .text.PkaDoubleMdf2Jcb
                0x00006630      0x178 /home/apcave/nordic/nrfxlib/crypto/nrf_cc310_bl/lib/cortex-m4/hard-float/no-interrupts/libnrf_cc310_bl_0.9.12.a(pka_ec_wrst.c.obj)
                0x00006630                PkaDoubleMdf2Jcb
 .text.PkaAddJcbAfn2Mdf
                0x000067a8      0x194 /home/apcave/nordic/nrfxlib/crypto/nrf_cc310_bl/lib/cortex-m4/hard-float/no-interrupts/libnrf_cc310_bl_0.9.12.a(pka_ec_wrst.c.obj)
                0x000067a8                PkaAddJcbAfn2Mdf
 .text.PkaJcb2Afn
                0x0000693c       0xb0 /home/apcave/nordic/nrfxlib/crypto/nrf_cc310_bl/lib/cortex-m4/hard-float/no-interrupts/libnrf_cc310_bl_0.9.12.a(pka_ec_wrst.c.obj)
                0x0000693c                PkaJcb2Afn
 .text.PkaAddAff
                0x000069ec      0x114 /home/apcave/nordic/nrfxlib/crypto/nrf_cc310_bl/lib/cortex-m4/hard-float/no-interrupts/libnrf_cc310_bl_0.9.12.a(pka_ec_wrst.c.obj)
                0x000069ec                PkaAddAff
 .text.PkaSum2ScalarMullt
                0x00006b00      0x1e4 /home/apcave/nordic/nrfxlib/crypto/nrf_cc310_bl/lib/cortex-m4/hard-float/no-interrupts/libnrf_cc310_bl_0.9.12.a(pka_ec_wrst.c.obj)
                0x00006b00                PkaSum2ScalarMullt
 .text.SaSi_HalClearInterruptBit
                0x00006ce4        0xc /home/apcave/nordic/nrfxlib/crypto/nrf_cc310_bl/lib/cortex-m4/hard-float/no-interrupts/libnrf_cc310_bl_0.9.12.a(ssi_hal.c.obj)
                0x00006ce4                SaSi_HalClearInterruptBit
 .text.SaSi_HalMaskInterrupt
                0x00006cf0        0xc /home/apcave/nordic/nrfxlib/crypto/nrf_cc310_bl/lib/cortex-m4/hard-float/no-interrupts/libnrf_cc310_bl_0.9.12.a(ssi_hal.c.obj)
                0x00006cf0                SaSi_HalMaskInterrupt
 .text.SaSi_HalWaitInterrupt
                0x00006cfc       0x18 /home/apcave/nordic/nrfxlib/crypto/nrf_cc310_bl/lib/cortex-m4/hard-float/no-interrupts/libnrf_cc310_bl_0.9.12.a(ssi_hal.c.obj)
                0x00006cfc                SaSi_HalWaitInterrupt
 .text._OffsetAbsSyms
                0x00006d14        0x2 zephyr/CMakeFiles/offsets.dir/./arch/arm/core/offsets/offsets.c.obj
                0x00006d14                _OffsetAbsSyms
 .text.flash_area_get_device_id
                0x00006d16        0x4 app/libapp.a(flash_map_extended.c.obj)
                0x00006d16                flash_area_get_device_id
 .text.flash_area_get_sector
                0x00006d1a       0x32 app/libapp.a(flash_map_extended.c.obj)
                0x00006d1a                flash_area_get_sector
 .text.os_heap_init
                0x00006d4c        0x2 app/libapp.a(os.c.obj)
                0x00006d4c                os_heap_init
 .text.bootutil_tlv_iter_begin
                0x00006d4e       0x9c app/libapp.a(tlv.c.obj)
                0x00006d4e                bootutil_tlv_iter_begin
 .text.bootutil_tlv_iter_next
                0x00006dea       0x98 app/libapp.a(tlv.c.obj)
                0x00006dea                bootutil_tlv_iter_next
 .text.bootutil_tlv_iter_is_prot
                0x00006e82       0x1c app/libapp.a(tlv.c.obj)
                0x00006e82                bootutil_tlv_iter_is_prot
 .text.bootutil_read_bigint
                0x00006e9e       0x58 app/libapp.a(image_ecdsa.c.obj)
 .text.boot_fih_memequal
                0x00006ef6        0x4 app/libapp.a(bootutil_misc.c.obj)
                0x00006ef6                boot_fih_memequal
 .text.boot_trailer_sz
                0x00006efa        0xa app/libapp.a(bootutil_misc.c.obj)
                0x00006efa                boot_trailer_sz
 .text.boot_status_off
                0x00006f04       0x16 app/libapp.a(bootutil_misc.c.obj)
                0x00006f04                boot_status_off
 .text.boot_read_swap_size
                0x00006f1a       0x1c app/libapp.a(bootutil_misc.c.obj)
                0x00006f1a                boot_read_swap_size
 .text.boot_write_swap_size
                0x00006f36       0x1e app/libapp.a(bootutil_misc.c.obj)
                0x00006f36                boot_write_swap_size
 .text.boot_read_image_headers
                0x00006f54       0x2c app/libapp.a(loader.c.obj)
 .text.boot_read_image_size.constprop.0.isra.0
                0x00006f80       0x82 app/libapp.a(loader.c.obj)
 .text.boot_read_sectors
                0x00007002       0x42 app/libapp.a(loader.c.obj)
 .text.boot_status_reset
                0x00007044       0x12 app/libapp.a(loader.c.obj)
                0x00007044                boot_status_reset
 .text.boot_status_is_reset
                0x00007056       0x1a app/libapp.a(loader.c.obj)
                0x00007056                boot_status_is_reset
 .text.boot_write_status
                0x00007070       0x64 app/libapp.a(loader.c.obj)
                0x00007070                boot_write_status
 .text.boot_erase_region
                0x000070d4        0x4 app/libapp.a(loader.c.obj)
                0x000070d4                boot_erase_region
 .text.swap_erase_trailer_sectors
                0x000070d8       0x6c app/libapp.a(swap_misc.c.obj)
                0x000070d8                swap_erase_trailer_sectors
 .text.swap_status_init
                0x00007144       0x3e app/libapp.a(swap_misc.c.obj)
                0x00007144                swap_status_init
 .text.swap_read_status
                0x00007182       0x78 app/libapp.a(swap_misc.c.obj)
                0x00007182                swap_read_status
 .text.app_max_sectors
                0x000071fa       0x22 app/libapp.a(swap_move.c.obj)
 .text.find_last_idx
                0x0000721c       0x14 app/libapp.a(swap_move.c.obj)
                0x0000721c                find_last_idx
 .text.boot_status_internal_off
                0x00007230       0x2e app/libapp.a(swap_move.c.obj)
                0x00007230                boot_status_internal_off
 .text.mbedtls_asn1_get_len
                0x0000725e       0x98 app/libapp.a(asn1parse.c.obj)
                0x0000725e                mbedtls_asn1_get_len
 .text.mbedtls_asn1_get_tag
                0x000072f6       0x28 app/libapp.a(asn1parse.c.obj)
                0x000072f6                mbedtls_asn1_get_tag
 .text.mbedtls_asn1_get_bitstring_null
                0x0000731e       0x28 app/libapp.a(asn1parse.c.obj)
                0x0000731e                mbedtls_asn1_get_bitstring_null
 .text.mbedtls_asn1_get_alg
                0x00007346       0x94 app/libapp.a(asn1parse.c.obj)
                0x00007346                mbedtls_asn1_get_alg
 .text.cc310_sha256_update
                0x000073da       0x36 app/libapp.a(cc310_glue.c.obj)
                0x000073da                cc310_sha256_update
 .text.arch_printk_char_out
                0x00007410        0x4 zephyr/libzephyr.a(printk.c.obj)
                0x00007410                arch_printk_char_out
 .text.printk   0x00007414       0x1a zephyr/libzephyr.a(printk.c.obj)
                0x00007414                printk
 .text.process_recheck
                0x0000742e       0x38 zephyr/libzephyr.a(onoff.c.obj)
 .text.validate_args
                0x00007466       0x20 zephyr/libzephyr.a(onoff.c.obj)
 .text.notify_one
                0x00007486       0x2c zephyr/libzephyr.a(onoff.c.obj)
 .text.transition_complete
                0x000074b2       0x1c zephyr/libzephyr.a(onoff.c.obj)
 .text.onoff_manager_init
                0x000074ce       0x26 zephyr/libzephyr.a(onoff.c.obj)
                0x000074ce                onoff_manager_init
 .text.onoff_request
                0x000074f4       0x9e zephyr/libzephyr.a(onoff.c.obj)
                0x000074f4                onoff_request
 .text.sys_notify_validate
                0x00007592       0x22 zephyr/libzephyr.a(notify.c.obj)
                0x00007592                sys_notify_validate
 .text.sys_notify_finalize
                0x000075b4       0x1a zephyr/libzephyr.a(notify.c.obj)
                0x000075b4                sys_notify_finalize
 .text._ConfigAbsSyms
                0x000075ce        0x2 zephyr/libzephyr.a(configs.c.obj)
                0x000075ce                _ConfigAbsSyms
 .text.z_log_minimal_printk
                0x000075d0       0x1a zephyr/libzephyr.a(log_minimal.c.obj)
                0x000075d0                z_log_minimal_printk
 .text.flash_area_close
                0x000075ea        0x2 zephyr/libzephyr.a(flash_map.c.obj)
                0x000075ea                flash_area_close
 .text.flash_area_read
                0x000075ec       0x2a zephyr/libzephyr.a(flash_map.c.obj)
                0x000075ec                flash_area_read
 .text.flash_area_write
                0x00007616       0x2a zephyr/libzephyr.a(flash_map.c.obj)
                0x00007616                flash_area_write
 .text.flash_area_erase
                0x00007640       0x34 zephyr/libzephyr.a(flash_map.c.obj)
                0x00007640                flash_area_erase
 .text.flash_area_align
                0x00007674        0xe zephyr/libzephyr.a(flash_map.c.obj)
                0x00007674                flash_area_align
 .text.flash_area_erased_val
                0x00007682        0xe zephyr/libzephyr.a(flash_map.c.obj)
                0x00007682                flash_area_erased_val
 .text.get_sectors_cb
                0x00007690       0x44 zephyr/libzephyr.a(flash_map_layout.c.obj)
 .text.abort_function
                0x000076d4        0x2 zephyr/libzephyr.a(nrf_cc3xx_platform_abort_zephyr.c.obj)
 .text.nrf_cc3xx_platform_mutex_init
                0x000076d6        0x2 zephyr/libzephyr.a(nrf_cc3xx_platform_no_mutex_zephyr.c.obj)
                0x000076d6                nrf_cc3xx_platform_mutex_init
 .text.z_do_kernel_oops
                0x000076d8        0x8 zephyr/arch/arch/arm/core/libarch__arm__core.a(fatal.c.obj)
                0x000076d8                z_do_kernel_oops
 .text.z_arm_nmi
                0x000076e0        0xe zephyr/arch/arch/arm/core/libarch__arm__core.a(nmi.c.obj)
                0x000076e0                z_arm_nmi
 .text._HandlerModeExit
                0x000076ee        0x2 zephyr/arch/arch/arm/core/cortex_m/libarch__arm__core__cortex_m.a(exc_exit.c.obj)
                0x000076ee                z_arm_exc_exit
                0x000076ee                z_arm_int_exit
 .text.z_irq_spurious
                0x000076f0        0x8 zephyr/arch/arch/arm/core/cortex_m/libarch__arm__core__cortex_m.a(irq_manage.c.obj)
                0x000076f0                z_irq_spurious
 .text.arch_irq_unlock_outlined
                0x000076f8        0xe zephyr/arch/arch/arm/core/cortex_m/libarch__arm__core__cortex_m.a(thread.c.obj)
                0x000076f8                arch_irq_unlock_outlined
 .text.arch_irq_lock_outlined
                0x00007706       0x10 zephyr/arch/arch/arm/core/cortex_m/libarch__arm__core__cortex_m.a(thread.c.obj)
                0x00007706                arch_irq_lock_outlined
 .text.arch_cpu_atomic_idle
                0x00007716       0x1e zephyr/arch/arch/arm/core/cortex_m/libarch__arm__core__cortex_m.a(cpu_idle.c.obj)
                0x00007716                arch_cpu_atomic_idle
 .text.size_to_mpu_rasr_size
                0x00007734       0x20 zephyr/arch/arch/arm/core/mpu/libarch__arm__core__mpu.a(arm_mpu.c.obj)
 .text.strlen   0x00007754        0xe zephyr/lib/libc/minimal/liblib__libc__minimal.a(string.c.obj)
                0x00007754                strlen
 .text.memcmp   0x00007762       0x20 zephyr/lib/libc/minimal/liblib__libc__minimal.a(string.c.obj)
                0x00007762                memcmp
 .text.memmove  0x00007782       0x2e zephyr/lib/libc/minimal/liblib__libc__minimal.a(string.c.obj)
                0x00007782                memmove
 .text.memcpy   0x000077b0       0x16 zephyr/lib/libc/minimal/liblib__libc__minimal.a(string.c.obj)
                0x000077b0                memcpy
 .text.memset   0x000077c6       0x12 zephyr/lib/libc/minimal/liblib__libc__minimal.a(string.c.obj)
                0x000077c6                memset
 .text.get_status
                0x000077d8       0x12 zephyr/drivers/clock_control/libdrivers__clock_control.a(clock_control_nrf.c.obj)
 .text.stop     0x000077ea       0x52 zephyr/drivers/clock_control/libdrivers__clock_control.a(clock_control_nrf.c.obj)
 .text.api_stop
                0x0000783c        0x6 zephyr/drivers/clock_control/libdrivers__clock_control.a(clock_control_nrf.c.obj)
 .text.async_start
                0x00007842       0x5e zephyr/drivers/clock_control/libdrivers__clock_control.a(clock_control_nrf.c.obj)
 .text.api_start
                0x000078a0        0xe zephyr/drivers/clock_control/libdrivers__clock_control.a(clock_control_nrf.c.obj)
 .text.api_blocking_start
                0x000078ae        0x6 zephyr/drivers/clock_control/libdrivers__clock_control.a(clock_control_nrf.c.obj)
 .text.onoff_started_callback
                0x000078b4       0x14 zephyr/drivers/clock_control/libdrivers__clock_control.a(clock_control_nrf.c.obj)
 .text.lfclk_start
                0x000078c8        0x6 zephyr/drivers/clock_control/libdrivers__clock_control.a(clock_control_nrf.c.obj)
 .text.lfclk_stop
                0x000078ce        0x6 zephyr/drivers/clock_control/libdrivers__clock_control.a(clock_control_nrf.c.obj)
 .text.qspi_handler
                0x000078d4        0x8 zephyr/drivers/flash/libdrivers__flash.a(nrf_qspi_nor.c.obj)
 .text.qspi_nor_write_protection_set.isra.0
                0x000078dc       0x2a zephyr/drivers/flash/libdrivers__flash.a(nrf_qspi_nor.c.obj)
 .text.qspi_rdsr.isra.0
                0x00007906       0x3c zephyr/drivers/flash/libdrivers__flash.a(nrf_qspi_nor.c.obj)
 .text.qspi_release.isra.0
                0x00007942        0xa zephyr/drivers/flash/libdrivers__flash.a(nrf_qspi_nor.c.obj)
 .text.is_regular_addr_valid
                0x0000794c       0x22 zephyr/drivers/flash/libdrivers__flash.a(soc_flash_nrf.c.obj)
 .text.flash_get_page_info
                0x0000796e       0x66 zephyr/drivers/flash/libdrivers__flash.a(flash_page_layout.c.obj)
 .text.z_impl_flash_get_page_info_by_offs
                0x000079d4        0x8 zephyr/drivers/flash/libdrivers__flash.a(flash_page_layout.c.obj)
                0x000079d4                z_impl_flash_get_page_info_by_offs
 .text.flash_page_foreach
                0x000079dc       0x58 zephyr/drivers/flash/libdrivers__flash.a(flash_page_layout.c.obj)
                0x000079dc                flash_page_foreach
 .text.gpio_nrfx_port_get_raw
                0x00007a34        0xe zephyr/drivers/gpio/libdrivers__gpio.a(gpio_nrfx.c.obj)
 .text.gpio_nrfx_port_set_masked_raw
                0x00007a42       0x18 zephyr/drivers/gpio/libdrivers__gpio.a(gpio_nrfx.c.obj)
 .text.gpio_nrfx_port_set_bits_raw
                0x00007a5a        0xc zephyr/drivers/gpio/libdrivers__gpio.a(gpio_nrfx.c.obj)
 .text.gpio_nrfx_port_clear_bits_raw
                0x00007a66        0xc zephyr/drivers/gpio/libdrivers__gpio.a(gpio_nrfx.c.obj)
 .text.gpio_nrfx_port_toggle_bits
                0x00007a72       0x1a zephyr/drivers/gpio/libdrivers__gpio.a(gpio_nrfx.c.obj)
 .text.gpio_nrfx_manage_callback
                0x00007a8c       0x52 zephyr/drivers/gpio/libdrivers__gpio.a(gpio_nrfx.c.obj)
 .text.pinctrl_lookup_state
                0x00007ade       0x26 zephyr/drivers/pinctrl/libdrivers__pinctrl.a(common.c.obj)
                0x00007ade                pinctrl_lookup_state
 .text.uarte_nrfx_err_check
                0x00007b04        0xe zephyr/drivers/serial/libdrivers__serial.a(uart_nrfx_uarte.c.obj)
 .text.uarte_nrfx_poll_in
                0x00007b12       0x26 zephyr/drivers/serial/libdrivers__serial.a(uart_nrfx_uarte.c.obj)
 .text.is_tx_ready.isra.0
                0x00007b38       0x20 zephyr/drivers/serial/libdrivers__serial.a(uart_nrfx_uarte.c.obj)
 .text.uarte_nrfx_isr_int
                0x00007b58       0x42 zephyr/drivers/serial/libdrivers__serial.a(uart_nrfx_uarte.c.obj)
 .text.event_clear
                0x00007b9a       0x18 zephyr/drivers/timer/libdrivers__timer.a(nrf_rtc_timer.c.obj)
 .text.fprotect_set_permission
                0x00007bb2       0x7e modules/nrf/lib/fprotect/lib..__nrf__lib__fprotect.a(fprotect_acl.c.obj)
 .text.fprotect_area
                0x00007c30        0x6 modules/nrf/lib/fprotect/lib..__nrf__lib__fprotect.a(fprotect_acl.c.obj)
                0x00007c30                fprotect_area
 .text.hw_cc3xx_init_internal
                0x00007c36        0x4 modules/nrf/drivers/hw_cc3xx/lib..__nrf__drivers__hw_cc3xx.a(hw_cc3xx.c.obj)
 .text.hw_cc3xx_init
                0x00007c3a       0x12 modules/nrf/drivers/hw_cc3xx/lib..__nrf__drivers__hw_cc3xx.a(hw_cc3xx.c.obj)
 .text.boot_swap_info_off
                0x00007c4c        0xc modules/mcuboot/boot/bootutil/zephyr/libmcuboot_util.a(bootutil_public.c.obj)
                0x00007c4c                boot_swap_info_off
 .text.boot_magic_compatible_check
                0x00007c58       0x1c modules/mcuboot/boot/bootutil/zephyr/libmcuboot_util.a(bootutil_public.c.obj)
                0x00007c58                boot_magic_compatible_check
 .text.bootutil_buffer_is_erased
                0x00007c74       0x26 modules/mcuboot/boot/bootutil/zephyr/libmcuboot_util.a(bootutil_public.c.obj)
                0x00007c74                bootutil_buffer_is_erased
 .text.boot_read_flag
                0x00007c9a       0x38 modules/mcuboot/boot/bootutil/zephyr/libmcuboot_util.a(bootutil_public.c.obj)
 .text.boot_write_trailer
                0x00007cd2       0x58 modules/mcuboot/boot/bootutil/zephyr/libmcuboot_util.a(bootutil_public.c.obj)
                0x00007cd2                boot_write_trailer
 .text.boot_write_trailer_flag
                0x00007d2a       0x14 modules/mcuboot/boot/bootutil/zephyr/libmcuboot_util.a(bootutil_public.c.obj)
                0x00007d2a                boot_write_trailer_flag
 .text.boot_write_image_ok
                0x00007d3e        0xe modules/mcuboot/boot/bootutil/zephyr/libmcuboot_util.a(bootutil_public.c.obj)
                0x00007d3e                boot_write_image_ok
 .text.boot_read_image_ok
                0x00007d4c        0xc modules/mcuboot/boot/bootutil/zephyr/libmcuboot_util.a(bootutil_public.c.obj)
                0x00007d4c                boot_read_image_ok
 .text.boot_read_swap_state_by_id
                0x00007d58       0x28 modules/mcuboot/boot/bootutil/zephyr/libmcuboot_util.a(bootutil_public.c.obj)
                0x00007d58                boot_read_swap_state_by_id
 .text.boot_write_swap_info
                0x00007d80       0x22 modules/mcuboot/boot/bootutil/zephyr/libmcuboot_util.a(bootutil_public.c.obj)
                0x00007d80                boot_write_swap_info
 .text.boot_write_copy_done
                0x00007da2       0x10 modules/mcuboot/boot/bootutil/zephyr/libmcuboot_util.a(bootutil_public.c.obj)
                0x00007da2                boot_write_copy_done
 .text.nrfx_isr
                0x00007db2        0x2 modules/hal_nordic/nrfx/libmodules__hal_nordic__nrfx.a(nrfx_glue.c.obj)
                0x00007db2                nrfx_isr
 .text.nrfx_busy_wait
                0x00007db4        0x4 modules/hal_nordic/nrfx/libmodules__hal_nordic__nrfx.a(nrfx_glue.c.obj)
                0x00007db4                nrfx_busy_wait
 .text.nrfx_gppi_channel_endpoints_setup
                0x00007db8       0x14 modules/hal_nordic/nrfx/libmodules__hal_nordic__nrfx.a(nrfx_gppi_ppi.c.obj)
                0x00007db8                nrfx_gppi_channel_endpoints_setup
 .text.nrfx_gppi_channel_alloc
                0x00007dcc        0x4 modules/hal_nordic/nrfx/libmodules__hal_nordic__nrfx.a(nrfx_gppi_ppi.c.obj)
                0x00007dcc                nrfx_gppi_channel_alloc
 .text.nrfx_clock_stop
                0x00007dd0        0x4 modules/hal_nordic/nrfx/libmodules__hal_nordic__nrfx.a(nrfx_clock.c.obj)
                0x00007dd0                nrfx_clock_stop
 .text.nrf_gpio_reconfigure
                0x00007dd4       0x92 modules/hal_nordic/nrfx/libmodules__hal_nordic__nrfx.a(nrfx_gpiote.c.obj)
 .text.nrf_gpio_cfg_sense_set
                0x00007e66       0x1e modules/hal_nordic/nrfx/libmodules__hal_nordic__nrfx.a(nrfx_gpiote.c.obj)
 .text.pin_trigger_disable
                0x00007e84       0x48 modules/hal_nordic/nrfx/libmodules__hal_nordic__nrfx.a(nrfx_gpiote.c.obj)
 .text.nrfx_gpiote_pin_uninit
                0x00007ecc        0x4 modules/hal_nordic/nrfx/libmodules__hal_nordic__nrfx.a(nrfx_gpiote.c.obj)
                0x00007ecc                nrfx_gpiote_pin_uninit
 .text.nrfx_gpiote_trigger_disable
                0x00007ed0        0x4 modules/hal_nordic/nrfx/libmodules__hal_nordic__nrfx.a(nrfx_gpiote.c.obj)
                0x00007ed0                nrfx_gpiote_trigger_disable
 .text.nrfx_nvmc_flash_size_get
                0x00007ed4        0xc modules/hal_nordic/nrfx/libmodules__hal_nordic__nrfx.a(nrfx_nvmc.c.obj)
                0x00007ed4                nrfx_nvmc_flash_size_get
 .text.nrfx_nvmc_flash_page_size_get
                0x00007ee0        0x8 modules/hal_nordic/nrfx/libmodules__hal_nordic__nrfx.a(nrfx_nvmc.c.obj)
                0x00007ee0                nrfx_nvmc_flash_page_size_get
 .text.nrfx_nvmc_flash_page_count_get
                0x00007ee8        0x8 modules/hal_nordic/nrfx/libmodules__hal_nordic__nrfx.a(nrfx_nvmc.c.obj)
                0x00007ee8                nrfx_nvmc_flash_page_count_get
 .text.nrfx_qspi_write
                0x00007ef0        0x6 modules/hal_nordic/nrfx/libmodules__hal_nordic__nrfx.a(nrfx_qspi.c.obj)
                0x00007ef0                nrfx_qspi_write
 .text.nrfx_qspi_read
                0x00007ef6        0x6 modules/hal_nordic/nrfx/libmodules__hal_nordic__nrfx.a(nrfx_qspi.c.obj)
                0x00007ef6                nrfx_qspi_read
 .text.nrfx_qspi_chip_erase
                0x00007efc        0x8 modules/hal_nordic/nrfx/libmodules__hal_nordic__nrfx.a(nrfx_qspi.c.obj)
                0x00007efc                nrfx_qspi_chip_erase
 .text.z_impl_k_busy_wait
                0x00007f04        0x8 zephyr/kernel/libkernel.a(busy_wait.c.obj)
                0x00007f04                z_impl_k_busy_wait
 .text.z_device_state_init
                0x00007f0c        0x2 zephyr/kernel/libkernel.a(device.c.obj)
                0x00007f0c                z_device_state_init
 .text.z_impl_device_is_ready
                0x00007f0e       0x16 zephyr/kernel/libkernel.a(device.c.obj)
                0x00007f0e                z_impl_device_is_ready
 .text.arch_system_halt
                0x00007f24       0x10 zephyr/kernel/libkernel.a(fatal.c.obj)
                0x00007f24                arch_system_halt
 .text.do_device_init
                0x00007f34       0x30 zephyr/kernel/libkernel.a(init.c.obj)
 .text.z_early_memset
                0x00007f64        0x4 zephyr/kernel/libkernel.a(init.c.obj)
                0x00007f64                z_early_memset
 .text.z_early_memcpy
                0x00007f68        0x4 zephyr/kernel/libkernel.a(init.c.obj)
                0x00007f68                z_early_memcpy
 .text.z_init_static
                0x00007f6c        0x2 zephyr/kernel/libkernel.a(init_static.c.obj)
                0x00007f6c                z_init_static
 .text.k_is_in_isr
                0x00007f6e        0xc zephyr/kernel/libkernel.a(nothread.c.obj)
                0x00007f6e                k_is_in_isr
 .text.nrf_cc310_bl_ecdsa_verify_secp256r1
                0x00007f7a       0x26 /home/apcave/nordic/nrfxlib/crypto/nrf_cc310_bl/lib/cortex-m4/hard-float/no-interrupts/libnrf_cc310_bl_0.9.12.a(nrf_cc310_bl_ecdsa_verify_secp256r1.c.obj)
                0x00007f7a                nrf_cc310_bl_ecdsa_verify_secp256r1
 .text.PkaInitAndMutexLock
                0x00007fa0        0x8 /home/apcave/nordic/nrfxlib/crypto/nrf_cc310_bl/lib/cortex-m4/hard-float/no-interrupts/libnrf_cc310_bl_0.9.12.a(pka.c.obj)
                0x00007fa0                PkaInitAndMutexLock
 .text.SaSi_PalMemCopy
                0x00007fa8        0x4 /home/apcave/nordic/nrfxlib/crypto/nrf_cc310_bl/lib/cortex-m4/hard-float/no-interrupts/libnrf_cc310_bl_0.9.12.a(ssi_pal_mem.c.obj)
                0x00007fa8                SaSi_PalMemCopy
 .text.SaSi_PalMemSet
                0x00007fac        0x4 /home/apcave/nordic/nrfxlib/crypto/nrf_cc310_bl/lib/cortex-m4/hard-float/no-interrupts/libnrf_cc310_bl_0.9.12.a(ssi_pal_mem.c.obj)
                0x00007fac                SaSi_PalMemSet
 .text.SaSi_PalMemSetZero
                0x00007fb0        0x8 /home/apcave/nordic/nrfxlib/crypto/nrf_cc310_bl/lib/cortex-m4/hard-float/no-interrupts/libnrf_cc310_bl_0.9.12.a(ssi_pal_mem.c.obj)
                0x00007fb0                SaSi_PalMemSetZero
 .text.CRYS_COMMON_ReverseMemcpy32
                0x00007fb8       0x1a /home/apcave/nordic/nrfxlib/crypto/nrf_cc310_bl/lib/cortex-m4/hard-float/no-interrupts/libnrf_cc310_bl_0.9.12.a(crys_common_conv_endian.c.obj)
                0x00007fb8                CRYS_COMMON_ReverseMemcpy32
 *(SORT_BY_ALIGNMENT(.TEXT.*))
 *(SORT_BY_ALIGNMENT(.gnu.linkonce.t.*))
 *(SORT_BY_ALIGNMENT(.glue_7t))
 .glue_7t       0x00007fd2        0x0 linker stubs
 *(SORT_BY_ALIGNMENT(.glue_7))
 .glue_7        0x00007fd2        0x0 linker stubs
 *(SORT_BY_ALIGNMENT(.vfp11_veneer))
 .vfp11_veneer  0x00007fd2        0x0 linker stubs
 *(SORT_BY_ALIGNMENT(.v4_bx))
 .v4_bx         0x00007fd2        0x0 linker stubs
                0x00007fd4                        . = ALIGN (0x4)
 *fill*         0x00007fd2        0x2 
                0x00007fd4                        __text_region_end = .

.ARM.exidx      0x00007fd4        0x8
                0x00007fd4                        __exidx_start = .
 *(SORT_BY_ALIGNMENT(.ARM.exidx*) SORT_BY_ALIGNMENT(gnu.linkonce.armexidx.*))
 .ARM.exidx     0x00007fd4        0x8 /home/apcave/stm32-tools/bin/../lib/gcc/arm-none-eabi/12.3.1/thumb/v7e-m+fp/hard/libgcc.a(_udivmoddi4.o)
                0x00007fdc                        __exidx_end = .
                0x00007fdc                        __rodata_region_start = .

initlevel       0x00007fdc       0x50
                0x00007fdc                        __init_start = .
                0x00007fdc                        __init_EARLY_start = .
 *(SORT_BY_NAME(SORT_BY_ALIGNMENT(.z_init_EARLY?_*)))
 *(SORT_BY_NAME(SORT_BY_ALIGNMENT(.z_init_EARLY??_*)))
                0x00007fdc                        __init_PRE_KERNEL_1_start = .
 *(SORT_BY_NAME(SORT_BY_ALIGNMENT(.z_init_PRE_KERNEL_1?_*)))
 .z_init_PRE_KERNEL_10_0_
                0x00007fdc        0x8 zephyr/soc/soc/nrf52840/libsoc__nordic.a(soc.c.obj)
 *(SORT_BY_NAME(SORT_BY_ALIGNMENT(.z_init_PRE_KERNEL_1??_*)))
 .z_init_PRE_KERNEL_130_00059_
                0x00007fe4        0x8 zephyr/drivers/clock_control/libdrivers__clock_control.a(clock_control_nrf.c.obj)
 .z_init_PRE_KERNEL_140_00013_
                0x00007fec        0x8 zephyr/drivers/gpio/libdrivers__gpio.a(gpio_nrfx.c.obj)
 .z_init_PRE_KERNEL_140_00070_
                0x00007ff4        0x8 zephyr/drivers/gpio/libdrivers__gpio.a(gpio_nrfx.c.obj)
 .z_init_PRE_KERNEL_140_0_
                0x00007ffc        0x8 modules/nrf/drivers/hw_cc3xx/lib..__nrf__drivers__hw_cc3xx.a(hw_cc3xx.c.obj)
 .z_init_PRE_KERNEL_150_00097_
                0x00008004        0x8 zephyr/drivers/serial/libdrivers__serial.a(uart_nrfx_uarte.c.obj)
                0x0000800c                        __init_PRE_KERNEL_2_start = .
 *(SORT_BY_NAME(SORT_BY_ALIGNMENT(.z_init_PRE_KERNEL_2?_*)))
 .z_init_PRE_KERNEL_20_0_
                0x0000800c        0x8 zephyr/drivers/timer/libdrivers__timer.a(nrf_rtc_timer.c.obj)
 *(SORT_BY_NAME(SORT_BY_ALIGNMENT(.z_init_PRE_KERNEL_2??_*)))
                0x00008014                        __init_POST_KERNEL_start = .
 *(SORT_BY_NAME(SORT_BY_ALIGNMENT(.z_init_POST_KERNEL?_*)))
 *(SORT_BY_NAME(SORT_BY_ALIGNMENT(.z_init_POST_KERNEL??_*)))
 .z_init_POST_KERNEL40_0_
                0x00008014        0x8 modules/nrf/drivers/hw_cc3xx/lib..__nrf__drivers__hw_cc3xx.a(hw_cc3xx.c.obj)
 .z_init_POST_KERNEL41_00115_
                0x0000801c        0x8 zephyr/drivers/flash/libdrivers__flash.a(nrf_qspi_nor.c.obj)
 .z_init_POST_KERNEL50_00101_
                0x00008024        0x8 zephyr/drivers/flash/libdrivers__flash.a(soc_flash_nrf.c.obj)
                0x0000802c                        __init_APPLICATION_start = .
 *(SORT_BY_NAME(SORT_BY_ALIGNMENT(.z_init_APPLICATION?_*)))
 *(SORT_BY_NAME(SORT_BY_ALIGNMENT(.z_init_APPLICATION??_*)))
                0x0000802c                        __init_SMP_start = .
 *(SORT_BY_NAME(SORT_BY_ALIGNMENT(.z_init_SMP?_*)))
 *(SORT_BY_NAME(SORT_BY_ALIGNMENT(.z_init_SMP??_*)))
                0x0000802c                        __init_end = .
                0x0000802c                        __deferred_init_list_start = .
 *(SORT_BY_ALIGNMENT(.z_deferred_init*))
                0x0000802c                        __deferred_init_list_end = .

device_area     0x0000802c       0x78
                0x0000802c                        _device_list_start = .
 *(SORT_BY_NAME(SORT_BY_ALIGNMENT(._device.static.*_?_*)))
 *(SORT_BY_NAME(SORT_BY_ALIGNMENT(._device.static.*_??_*)))
 ._device.static.1_30_
                0x0000802c       0x14 zephyr/drivers/clock_control/libdrivers__clock_control.a(clock_control_nrf.c.obj)
                0x0000802c                __device_dts_ord_59
 ._device.static.1_40_
                0x00008040       0x28 zephyr/drivers/gpio/libdrivers__gpio.a(gpio_nrfx.c.obj)
                0x00008040                __device_dts_ord_70
                0x00008054                __device_dts_ord_13
 ._device.static.1_50_
                0x00008068       0x14 zephyr/drivers/serial/libdrivers__serial.a(uart_nrfx_uarte.c.obj)
                0x00008068                __device_dts_ord_97
 ._device.static.3_41_
                0x0000807c       0x14 zephyr/drivers/flash/libdrivers__flash.a(nrf_qspi_nor.c.obj)
                0x0000807c                __device_dts_ord_115
 ._device.static.3_50_
                0x00008090       0x14 zephyr/drivers/flash/libdrivers__flash.a(soc_flash_nrf.c.obj)
                0x00008090                __device_dts_ord_101
                0x000080a4                        _device_list_end = .

sw_isr_table    0x000080a4      0x180
                0x000080a4                        . = ALIGN (0x4)
 *(SORT_BY_ALIGNMENT(.gnu.linkonce.sw_isr_table*))
 .gnu.linkonce.sw_isr_table
                0x000080a4      0x180 zephyr/CMakeFiles/zephyr_final.dir/isr_tables.c.obj
                0x000080a4                _sw_isr_table

initlevel_error
 *(SORT_BY_NAME(SORT_BY_ALIGNMENT(.z_init_[_A-Z0-9]*)))
                0x00000001                        ASSERT ((SIZEOF (initlevel_error) == 0x0), Undefined initialization levels used.)

app_shmem_regions
                0x00008224        0x0
                0x00008224                        __app_shmem_regions_start = .
 *(SORT_BY_NAME(SORT_BY_ALIGNMENT(.app_regions.*)))
                0x00008224                        __app_shmem_regions_end = .

k_p4wq_initparam_area
                0x00008224        0x0
                0x00008224                        _k_p4wq_initparam_list_start = .
 *(SORT_BY_NAME(SORT_BY_ALIGNMENT(._k_p4wq_initparam.static.*)))
                0x00008224                        _k_p4wq_initparam_list_end = .

_static_thread_data_area
                0x00008224        0x0
                0x00008224                        __static_thread_data_list_start = .
 *(SORT_BY_NAME(SORT_BY_ALIGNMENT(.__static_thread_data.static.*)))
                0x00008224                        __static_thread_data_list_end = .

device_deps     0x00008224        0x0
                0x00008224                        __device_deps_start = .
 *(SORT_BY_NAME(SORT_BY_ALIGNMENT(.__device_deps_pass2*)))
                0x00008224                        __device_deps_end = .

ztest           0x00008224        0x0
                0x00008224                        _ztest_expected_result_entry_list_start = .
 *(SORT_BY_NAME(SORT_BY_ALIGNMENT(._ztest_expected_result_entry.static.*)))
                0x00008224                        _ztest_expected_result_entry_list_end = .
                0x00008224                        _ztest_suite_node_list_start = .
 *(SORT_BY_NAME(SORT_BY_ALIGNMENT(._ztest_suite_node.static.*)))
                0x00008224                        _ztest_suite_node_list_end = .
                0x00008224                        _ztest_unit_test_list_start = .
 *(SORT_BY_NAME(SORT_BY_ALIGNMENT(._ztest_unit_test.static.*)))
                0x00008224                        _ztest_unit_test_list_end = .
                0x00008224                        _ztest_test_rule_list_start = .
 *(SORT_BY_NAME(SORT_BY_ALIGNMENT(._ztest_test_rule.static.*)))
                0x00008224                        _ztest_test_rule_list_end = .

init_array
 *(SORT_BY_NAME(SORT_BY_ALIGNMENT(.ctors*)))
 *(SORT_BY_NAME(SORT_BY_ALIGNMENT(.init_array*)))
                0x00000001                        ASSERT ((SIZEOF (init_array) == 0x0), GNU-style constructors required but STATIC_INIT_GNU not enabled)

bt_l2cap_fixed_chan_area
                0x00008224        0x0
                0x00008224                        _bt_l2cap_fixed_chan_list_start = .
 *(SORT_BY_NAME(SORT_BY_ALIGNMENT(._bt_l2cap_fixed_chan.static.*)))
                0x00008224                        _bt_l2cap_fixed_chan_list_end = .

bt_gatt_service_static_area
                0x00008224        0x0
                0x00008224                        _bt_gatt_service_static_list_start = .
 *(SORT_BY_NAME(SORT_BY_ALIGNMENT(._bt_gatt_service_static.static.*)))
                0x00008224                        _bt_gatt_service_static_list_end = .

log_strings_area
                0x00008224        0x0
                0x00008224                        _log_strings_list_start = .
 *(SORT_BY_NAME(SORT_BY_ALIGNMENT(._log_strings.static.*)))
                0x00008224                        _log_strings_list_end = .

log_const_area  0x00008224       0x58
                0x00008224                        _log_const_list_start = .
 *(SORT_BY_NAME(SORT_BY_ALIGNMENT(._log_const.static.*)))
 ._log_const.static.log_const_STREAM_FLASH_
                0x00008224        0x8 zephyr/libzephyr.a(stream_flash.c.obj)
                0x00008224                log_const_STREAM_FLASH
 ._log_const.static.log_const_cbprintf_package_
                0x0000822c        0x8 zephyr/libzephyr.a(cbprintf_packaged.c.obj)
                0x0000822c                log_const_cbprintf_package
 ._log_const.static.log_const_clock_control_
                0x00008234        0x8 zephyr/drivers/clock_control/libdrivers__clock_control.a(clock_control_nrf.c.obj)
                0x00008234                log_const_clock_control
 ._log_const.static.log_const_flash_
                0x0000823c        0x8 zephyr/libzephyr.a(flash_util.c.obj)
                0x0000823c                log_const_flash
 ._log_const.static.log_const_flash_nrf_
                0x00008244        0x8 zephyr/drivers/flash/libdrivers__flash.a(soc_flash_nrf.c.obj)
                0x00008244                log_const_flash_nrf
 ._log_const.static.log_const_mcuboot_
                0x0000824c        0x8 app/libapp.a(main.c.obj)
                0x0000824c                log_const_mcuboot
 ._log_const.static.log_const_mpu_
                0x00008254        0x8 zephyr/arch/arch/arm/core/mpu/libarch__arm__core__mpu.a(arm_core_mpu.c.obj)
                0x00008254                log_const_mpu
 ._log_const.static.log_const_os_
                0x0000825c        0x8 zephyr/kernel/libkernel.a(init.c.obj)
                0x0000825c                log_const_os
 ._log_const.static.log_const_qspi_nor_
                0x00008264        0x8 zephyr/drivers/flash/libdrivers__flash.a(nrf_qspi_nor.c.obj)
                0x00008264                log_const_qspi_nor
 ._log_const.static.log_const_soc_
                0x0000826c        0x8 zephyr/soc/soc/nrf52840/libsoc__nordic.a(soc.c.obj)
                0x0000826c                log_const_soc
 ._log_const.static.log_const_uart_nrfx_uarte_
                0x00008274        0x8 zephyr/drivers/serial/libdrivers__serial.a(uart_nrfx_uarte.c.obj)
                0x00008274                log_const_uart_nrfx_uarte
                0x0000827c                        _log_const_list_end = .

log_backend_area
                0x0000827c        0x0
                0x0000827c                        _log_backend_list_start = .
 *(SORT_BY_NAME(SORT_BY_ALIGNMENT(._log_backend.static.*)))
                0x0000827c                        _log_backend_list_end = .

log_link_area   0x0000827c        0x0
                0x0000827c                        _log_link_list_start = .
 *(SORT_BY_NAME(SORT_BY_ALIGNMENT(._log_link.static.*)))
                0x0000827c                        _log_link_list_end = .

tracing_backend_area
                0x0000827c        0x0
                0x0000827c                        _tracing_backend_list_start = .
 *(SORT_BY_NAME(SORT_BY_ALIGNMENT(._tracing_backend.static.*)))
                0x0000827c                        _tracing_backend_list_end = .

zephyr_dbg_info
 *(SORT_BY_ALIGNMENT(.dbg_thread_info))

intc_table_area
                0x0000827c        0x0
                0x0000827c                        _intc_table_list_start = .
 *(SORT_BY_NAME(SORT_BY_ALIGNMENT(._intc_table.static.*)))
                0x0000827c                        _intc_table_list_end = .

symbol_to_keep  0x0000827c        0x0
                0x0000827c                        __symbol_to_keep_start = .
 *(SORT_BY_NAME(SORT_BY_ALIGNMENT(.symbol_to_keep*)))
                0x0000827c                        __symbol_to_keep_end = .

shell_area      0x0000827c        0x0
                0x0000827c                        _shell_list_start = .
 *(SORT_BY_NAME(SORT_BY_ALIGNMENT(._shell.static.*)))
                0x0000827c                        _shell_list_end = .

shell_root_cmds_area
                0x0000827c        0x0
                0x0000827c                        _shell_root_cmds_list_start = .
 *(SORT_BY_NAME(SORT_BY_ALIGNMENT(._shell_root_cmds.static.*)))
                0x0000827c                        _shell_root_cmds_list_end = .

shell_subcmds_area
                0x0000827c        0x0
                0x0000827c                        _shell_subcmds_list_start = .
 *(SORT_BY_NAME(SORT_BY_ALIGNMENT(._shell_subcmds.static.*)))
                0x0000827c                        _shell_subcmds_list_end = .

shell_dynamic_subcmds_area
                0x0000827c        0x0
                0x0000827c                        _shell_dynamic_subcmds_list_start = .
 *(SORT_BY_NAME(SORT_BY_ALIGNMENT(._shell_dynamic_subcmds.static.*)))
                0x0000827c                        _shell_dynamic_subcmds_list_end = .

cfb_font_area   0x0000827c        0x0
                0x0000827c                        _cfb_font_list_start = .
 *(SORT_BY_NAME(SORT_BY_ALIGNMENT(._cfb_font.static.*)))
                0x0000827c                        _cfb_font_list_end = .

rodata          0x00008280     0x1414
 *(SORT_BY_ALIGNMENT(.rodata))
 .rodata        0x00008280       0x18 zephyr/drivers/flash/libdrivers__flash.a(nrf_qspi_nor.c.obj)
 .rodata        0x00008298       0x18 modules/hal_nordic/nrfx/libmodules__hal_nordic__nrfx.a(nrfx_qspi.c.obj)
 .rodata        0x000082b0       0x10 /home/apcave/nordic/nrfxlib/crypto/nrf_cc310_bl/lib/cortex-m4/hard-float/no-interrupts/libnrf_cc310_bl_0.9.12.a(nrf_cc310_bl_hash_sha256.c.obj)
 *(SORT_BY_ALIGNMENT(.rodata.*))
 .rodata.delay_machine_code.0
                0x000082c0        0x6 zephyr/soc/soc/nrf52840/libsoc__nordic.a(soc.c.obj)
 *fill*         0x000082c6        0x2 
 .rodata.all_slots.0
                0x000082c8        0x8 app/libapp.a(flash_map_extended.c.obj)
 .rodata.bootutil_key_cnt
                0x000082d0        0x4 app/libapp.a(keys.c.obj)
                0x000082d0                bootutil_key_cnt
 .rodata.bootutil_keys
                0x000082d4        0x8 app/libapp.a(keys.c.obj)
                0x000082d4                bootutil_keys
 .rodata.all_slots.0
                0x000082dc        0x8 app/libapp.a(bootutil_misc.c.obj)
 .rodata.all_slots.0
                0x000082e4        0x8 app/libapp.a(swap_misc.c.obj)
 .rodata.ecdsa_pub_key_len
                0x000082ec        0x4 app/libapp.a(autogen-pubkey.c.obj)
                0x000082ec                ecdsa_pub_key_len
 .rodata.mem_attr_region
                0x000082f0        0x0 zephyr/libzephyr.a(mem_attr.c.obj)
 .rodata.flash_map_entries
                0x000082f0        0x4 zephyr/libzephyr.a(flash_map_partition_manager.c.obj)
                0x000082f0                flash_map_entries
 .rodata.default_flash_map
                0x000082f4       0x60 zephyr/libzephyr.a(flash_map_partition_manager.c.obj)
                0x000082f4                default_flash_map
 .rodata.apis   0x00008354        0x8 zephyr/libzephyr.a(nrf_cc3xx_platform_abort_zephyr.c.obj)
 .rodata.static_regions
                0x0000835c       0x18 zephyr/arch/arch/arm/core/mpu/libarch__arm__core__mpu.a(arm_core_mpu.c.obj)
 .rodata.mpu_config
                0x00008374        0x8 zephyr/arch/arch/arm/core/mpu/libarch__arm__core__mpu.a(arm_mpu_regions.c.obj)
                0x00008374                mpu_config
 .rodata.mpu_regions
                0x0000837c       0x18 zephyr/arch/arch/arm/core/mpu/libarch__arm__core__mpu.a(arm_mpu_regions.c.obj)
 .rodata.transitions.0
                0x00008394        0xc zephyr/drivers/clock_control/libdrivers__clock_control.a(clock_control_nrf.c.obj)
 .rodata.config
                0x000083a0       0x18 zephyr/drivers/clock_control/libdrivers__clock_control.a(clock_control_nrf.c.obj)
 .rodata.clock_control_api
                0x000083b8       0x1c zephyr/drivers/clock_control/libdrivers__clock_control.a(clock_control_nrf.c.obj)
 .rodata.qspi_flash_parameters.0
                0x000083d4        0x8 zephyr/drivers/flash/libdrivers__flash.a(nrf_qspi_nor.c.obj)
 .rodata.qspi_nor_dev_config
                0x000083dc       0x38 zephyr/drivers/flash/libdrivers__flash.a(nrf_qspi_nor.c.obj)
 .rodata.__pinctrl_dev_config__device_dts_ord_114
                0x00008414        0xc zephyr/drivers/flash/libdrivers__flash.a(nrf_qspi_nor.c.obj)
 .rodata.__pinctrl_states__device_dts_ord_114
                0x00008420        0x8 zephyr/drivers/flash/libdrivers__flash.a(nrf_qspi_nor.c.obj)
 .rodata.__pinctrl_state_pins_0__device_dts_ord_114
                0x00008428       0x18 zephyr/drivers/flash/libdrivers__flash.a(nrf_qspi_nor.c.obj)
 .rodata.qspi_nor_api
                0x00008440       0x14 zephyr/drivers/flash/libdrivers__flash.a(nrf_qspi_nor.c.obj)
 .rodata.dev_layout
                0x00008454        0x8 zephyr/drivers/flash/libdrivers__flash.a(nrf_qspi_nor.c.obj)
 .rodata.flash_nrf_api
                0x0000845c       0x14 zephyr/drivers/flash/libdrivers__flash.a(soc_flash_nrf.c.obj)
 .rodata.flash_nrf_parameters
                0x00008470        0x8 zephyr/drivers/flash/libdrivers__flash.a(soc_flash_nrf.c.obj)
 .rodata.gpio_nrfx_p1_cfg
                0x00008478       0x18 zephyr/drivers/gpio/libdrivers__gpio.a(gpio_nrfx.c.obj)
 .rodata.gpio_nrfx_p0_cfg
                0x00008490       0x18 zephyr/drivers/gpio/libdrivers__gpio.a(gpio_nrfx.c.obj)
 .rodata.gpio_nrfx_drv_api_funcs
                0x000084a8       0x24 zephyr/drivers/gpio/libdrivers__gpio.a(gpio_nrfx.c.obj)
 .rodata.uarte_0z_config
                0x000084cc       0x20 zephyr/drivers/serial/libdrivers__serial.a(uart_nrfx_uarte.c.obj)
 .rodata.__pinctrl_dev_config__device_dts_ord_97
                0x000084ec        0xc zephyr/drivers/serial/libdrivers__serial.a(uart_nrfx_uarte.c.obj)
 .rodata.__pinctrl_states__device_dts_ord_97
                0x000084f8        0x8 zephyr/drivers/serial/libdrivers__serial.a(uart_nrfx_uarte.c.obj)
 .rodata.__pinctrl_state_pins_0__device_dts_ord_97
                0x00008500        0x8 zephyr/drivers/serial/libdrivers__serial.a(uart_nrfx_uarte.c.obj)
 .rodata.uart_nrfx_uarte_driver_api
                0x00008508        0xc zephyr/drivers/serial/libdrivers__serial.a(uart_nrfx_uarte.c.obj)
 .rodata.all_slots.0
                0x00008514        0x8 modules/mcuboot/boot/bootutil/zephyr/libmcuboot_util.a(bootutil_public.c.obj)
 .rodata.CSWTCH.485
                0x0000851c       0x14 zephyr/kernel/libkernel.a(fatal.c.obj)
 .rodata.levels.0
                0x00008530       0x18 zephyr/kernel/libkernel.a(init.c.obj)
 .rodata.CSWTCH.10
                0x00008548       0x1c /home/apcave/nordic/nrfxlib/crypto/nrf_cc310_platform/lib/cortex-m4/hard-float/no-interrupts/libnrf_cc310_platform_0.9.19.a(nrf_cc3xx_platform.c.obj)
 .rodata.CC_PalPowerSaveModeInit.str1.4
                0x00008564       0x20 /home/apcave/nordic/nrfxlib/crypto/nrf_cc310_platform/lib/cortex-m4/hard-float/no-interrupts/libnrf_cc310_platform_0.9.19.a(cc_pal_pm.c.obj)
 .rodata.mutex_free.str1.4
                0x00008584       0x26 /home/apcave/nordic/nrfxlib/crypto/nrf_cc310_platform/lib/cortex-m4/hard-float/no-interrupts/libnrf_cc310_platform_0.9.19.a(nrf_cc3xx_platform_mutex.c.obj)
 *fill*         0x000085aa        0x2 
 .rodata.mutex_init.str1.4
                0x000085ac       0x23 /home/apcave/nordic/nrfxlib/crypto/nrf_cc310_platform/lib/cortex-m4/hard-float/no-interrupts/libnrf_cc310_platform_0.9.19.a(nrf_cc3xx_platform_mutex.c.obj)
 *fill*         0x000085cf        0x1 
 .rodata.domain_secp256r1
                0x000085d0       0xcc /home/apcave/nordic/nrfxlib/crypto/nrf_cc310_bl/lib/cortex-m4/hard-float/no-interrupts/libnrf_cc310_bl_0.9.12.a(nrf_cc310_bl_ecdsa_verify_secp256r1.c.obj)
                0x000085d0                domain_secp256r1
 .rodata.NRF_CC310_BL_HASH_LARVAL_SHA256
                0x0000869c       0x20 /home/apcave/nordic/nrfxlib/crypto/nrf_cc310_bl/lib/cortex-m4/hard-float/no-interrupts/libnrf_cc310_bl_0.9.12.a(nrf_cc310_bl_hash_sha256.c.obj)
                0x0000869c                NRF_CC310_BL_HASH_LARVAL_SHA256
 .rodata.allowed_unprot_tlvs
                0x000086bc       0x1e app/libapp.a(image_validate.c.obj)
 .rodata.CSWTCH.2424
                0x000086da       0x16 zephyr/drivers/flash/libdrivers__flash.a(nrf_qspi_nor.c.obj)
 .rodata.boot_img_magic
                0x000086f0       0x10 modules/mcuboot/boot/bootutil/zephyr/libmcuboot_util.a(bootutil_public.c.obj)
                0x000086f0                boot_img_magic
 .rodata.main.str1.1
                0x00008700       0xde app/libapp.a(main.c.obj)
 .rodata.str1.1
                0x000087de        0x8 app/libapp.a(main.c.obj)
 .rodata.flash_device_base.str1.1
                0x000087e6       0x26 app/libapp.a(flash_map_extended.c.obj)
 .rodata.ec_secp256r1_oid
                0x0000880c        0x9 app/libapp.a(image_ecdsa.c.obj)
 .rodata.ec_pubkey_oid
                0x00008815        0x8 app/libapp.a(image_ecdsa.c.obj)
 .rodata.bootutil_max_image_size.str1.1
                0x0000881d       0x3b app/libapp.a(bootutil_misc.c.obj)
 .rodata.boot_validate_slot.isra.0.str1.1
                0x00008858       0x3a app/libapp.a(loader.c.obj)
 .rodata.boot_swap_image.isra.0.str1.1
                0x00008892       0x2f app/libapp.a(loader.c.obj)
 .rodata.context_boot_go.str1.1
                0x000088c1       0xf1 app/libapp.a(loader.c.obj)
 .rodata.swap_read_status_bytes.str1.1
                0x000089b2       0x23 app/libapp.a(swap_move.c.obj)
 .rodata.boot_slots_compatible.str1.1
                0x000089d5       0x93 app/libapp.a(swap_move.c.obj)
 .rodata.swap_status_source.str1.1
                0x00008a68       0xa4 app/libapp.a(swap_move.c.obj)
 .rodata.swap_run.str1.1
                0x00008b0c       0x89 app/libapp.a(swap_move.c.obj)
 .rodata.ecdsa_pub_key
                0x00008b95       0x5b app/libapp.a(autogen-pubkey.c.obj)
                0x00008b95                ecdsa_pub_key
 .rodata.str1.1
                0x00008bf0       0x11 zephyr/libzephyr.a(cbprintf_packaged.c.obj)
 .rodata.z_cbvprintf_impl.str1.1
                0x00008c01       0x10 zephyr/libzephyr.a(cbprintf_nano.c.obj)
                                 0x13 (size before relaxing)
 .rodata.str1.1
                0x00008c11        0xd zephyr/libzephyr.a(stream_flash.c.obj)
 .rodata.str1.1
                0x00008c1e        0x6 zephyr/libzephyr.a(flash_util.c.obj)
 .rodata.boot_banner.str1.1
                0x00008c24       0x92 zephyr/libzephyr.a(banner.c.obj)
 .rodata.z_arm_fatal_error.str1.1
                0x00008cb6       0xc7 zephyr/arch/arch/arm/core/libarch__arm__core.a(fatal.c.obj)
 .rodata.mem_manage_fault.str1.1
                0x00008d7d       0xfb zephyr/arch/arch/arm/core/cortex_m/libarch__arm__core__cortex_m.a(fault.c.obj)
 .rodata.usage_fault.constprop.0.str1.1
                0x00008e78       0xf0 zephyr/arch/arch/arm/core/cortex_m/libarch__arm__core__cortex_m.a(fault.c.obj)
 .rodata.bus_fault.constprop.0.str1.1
                0x00008f68       0xa6 zephyr/arch/arch/arm/core/cortex_m/libarch__arm__core__cortex_m.a(fault.c.obj)
 .rodata.z_arm_fault.str1.1
                0x0000900e      0x139 zephyr/arch/arch/arm/core/cortex_m/libarch__arm__core__cortex_m.a(fault.c.obj)
 .rodata.str1.1
                0x00009147        0x4 zephyr/arch/arch/arm/core/mpu/libarch__arm__core__mpu.a(arm_core_mpu.c.obj)
 .rodata.region_allocate_and_init.str1.1
                0x0000914b       0x2b zephyr/arch/arch/arm/core/mpu/libarch__arm__core__mpu.a(arm_mpu.c.obj)
 .rodata.mpu_configure_regions.str1.1
                0x00009176       0x28 zephyr/arch/arch/arm/core/mpu/libarch__arm__core__mpu.a(arm_mpu.c.obj)
 .rodata.str1.1
                0x0000919e        0xf zephyr/arch/arch/arm/core/mpu/libarch__arm__core__mpu.a(arm_mpu_regions.c.obj)
 .rodata.CSWTCH.5
                0x000091ad        0x6 zephyr/soc/soc/nrf52840/libsoc__nordic.a(soc.c.obj)
 .rodata.str1.1
                0x000091b3        0x4 zephyr/soc/soc/nrf52840/libsoc__nordic.a(soc.c.obj)
 .rodata.str1.1
                0x000091b7       0x29 zephyr/drivers/clock_control/libdrivers__clock_control.a(clock_control_nrf.c.obj)
 .rodata.qspi_send_cmd.constprop.0.str1.1
                0x000091e0       0x28 zephyr/drivers/flash/libdrivers__flash.a(nrf_qspi_nor.c.obj)
 .rodata.qspi_nor_read.str1.1
                0x00009208       0x4e zephyr/drivers/flash/libdrivers__flash.a(nrf_qspi_nor.c.obj)